Archive member included to satisfy reference by file (symbol)

/opt/devkitpro/wups/lib/libwups.a(config_api.o)
                              main.o (WUPSConfigAPI_InitLibrary_Internal)
/opt/devkitpro/wups/lib/libwups.a(main.o)
                              (__wups_start)
/opt/devkitpro/wups/lib/libwups.a(storage.o)
                              main.o (WUPSStorageAPI_InitInternal)
/opt/devkitpro/wups/lib/libwups.a(wups_reent.o)
                              /opt/devkitpro/wups/lib/libwups.a(main.o) (_Z15__wups_getreentv)
/opt/devkitpro/wups/lib/libwups.a(wups_thread_specific.o)
                              /opt/devkitpro/wups/lib/libwups.a(main.o) (wups_set_thread_specific)
/opt/devkitpro/wut/lib/libwut.a(coreinit.o)
                              /opt/devkitpro/wups/lib/libwups.a(config_api.o) (OSDynLoad_Acquire)
/opt/devkitpro/wut/lib/libwut.a(vpad.o)
                              main.o (VPADGetButtonProcMode)
/opt/devkitpro/wut/lib/libwut.a(wut_newlib.o)
                              main.o (__init_wut_newlib)
/opt/devkitpro/wut/lib/libwut.a(wut_reent.o)
                              /opt/devkitpro/wut/lib/libwut.a(wut_newlib.o) (__wut_getreent)
/opt/devkitpro/wut/lib/libwut.a(wut_sbrk.o)
                              /opt/devkitpro/wut/lib/libwut.a(wut_newlib.o) (__wut_sbrk_r)
/opt/devkitpro/wut/lib/libwut.a(wut_malloc.o)
                              main.o (__init_wut_malloc)
/opt/devkitpro/wut/lib/libwut.a(log.o)
                              main.o (WHBLogPrintf)
/opt/devkitpro/wut/lib/libwut.a(log_cafe.o)
                              logger.o (WHBLogCafeInit)
/opt/devkitpro/wut/lib/libwut.a(log_module.o)
                              logger.o (WHBLogModuleInit)
/opt/devkitpro/wut/lib/libwut.a(log_udp.o)
                              logger.o (WHBLogUdpInit)
/opt/devkitpro/wut/lib/libwut.a(wut_gthread.o)
                              main.o (__init_wut_stdcpp)
/opt/devkitpro/wut/lib/libwut.a(wut_gthread_keys.o)
                              /opt/devkitpro/wut/lib/libwut.a(wut_gthread.o) (_Z16__wut_key_createP11__wut_key_tPFvPvE)
/opt/devkitpro/wut/lib/libwut.a(wut_gthread_mutex.o)
                              /opt/devkitpro/wut/lib/libwut.a(wut_gthread.o) (_Z25__wut_mutex_init_functionP7OSMutex)
/opt/devkitpro/wut/lib/libwut.a(wut_gthread_once.o)
                              /opt/devkitpro/wut/lib/libwut.a(wut_gthread.o) (_Z10__wut_oncePVjPFvvE)
/opt/devkitpro/wut/lib/libwut.a(wut_gthread_recursive_mutex.o)
                              /opt/devkitpro/wut/lib/libwut.a(wut_gthread.o) (_Z35__wut_recursive_mutex_init_functionP7OSMutex)
/opt/devkitpro/wut/lib/libwut.a(wut_gthread_thread.o)
                              /opt/devkitpro/wut/lib/libwut.a(wut_gthread.o) (_Z19__wut_thread_createPP8OSThreadPFPvS2_ES2_)
/opt/devkitpro/wut/lib/libwut.a(devoptab_fsa.o)
                              main.o (__init_wut_devoptab)
/opt/devkitpro/wut/lib/libwut.a(devoptab_fsa_dirclose.o)
                              /opt/devkitpro/wut/lib/libwut.a(devoptab_fsa.o) (__wut_fsa_dirclose)
/opt/devkitpro/wut/lib/libwut.a(devoptab_fsa_dirnext.o)
                              /opt/devkitpro/wut/lib/libwut.a(devoptab_fsa.o) (__wut_fsa_dirnext)
/opt/devkitpro/wut/lib/libwut.a(devoptab_fsa_diropen.o)
                              /opt/devkitpro/wut/lib/libwut.a(devoptab_fsa.o) (__wut_fsa_diropen)
/opt/devkitpro/wut/lib/libwut.a(devoptab_fsa_dirreset.o)
                              /opt/devkitpro/wut/lib/libwut.a(devoptab_fsa.o) (__wut_fsa_dirreset)
/opt/devkitpro/wut/lib/libwut.a(devoptab_fsa_fstat.o)
                              /opt/devkitpro/wut/lib/libwut.a(devoptab_fsa.o) (__wut_fsa_fstat)
/opt/devkitpro/wut/lib/libwut.a(devoptab_fsa_fsync.o)
                              /opt/devkitpro/wut/lib/libwut.a(devoptab_fsa.o) (__wut_fsa_fsync)
/opt/devkitpro/wut/lib/libwut.a(devoptab_fsa_mkdir.o)
                              /opt/devkitpro/wut/lib/libwut.a(devoptab_fsa.o) (__wut_fsa_mkdir)
/opt/devkitpro/wut/lib/libwut.a(devoptab_fsa_open.o)
                              /opt/devkitpro/wut/lib/libwut.a(devoptab_fsa.o) (__wut_fsa_open)
/opt/devkitpro/wut/lib/libwut.a(devoptab_fsa_read.o)
                              /opt/devkitpro/wut/lib/libwut.a(devoptab_fsa.o) (__wut_fsa_read)
/opt/devkitpro/wut/lib/libwut.a(devoptab_fsa_rename.o)
                              /opt/devkitpro/wut/lib/libwut.a(devoptab_fsa.o) (__wut_fsa_rename)
/opt/devkitpro/wut/lib/libwut.a(devoptab_fsa_rmdir.o)
                              /opt/devkitpro/wut/lib/libwut.a(devoptab_fsa.o) (__wut_fsa_rmdir)
/opt/devkitpro/wut/lib/libwut.a(devoptab_fsa_seek.o)
                              /opt/devkitpro/wut/lib/libwut.a(devoptab_fsa.o) (__wut_fsa_seek)
/opt/devkitpro/wut/lib/libwut.a(devoptab_fsa_stat.o)
                              /opt/devkitpro/wut/lib/libwut.a(devoptab_fsa.o) (__wut_fsa_stat)
/opt/devkitpro/wut/lib/libwut.a(devoptab_fsa_statvfs.o)
                              /opt/devkitpro/wut/lib/libwut.a(devoptab_fsa.o) (__wut_fsa_statvfs)
[...]
Memory Configuration

Name             Origin             Length             Attributes
codemem          0x02000000         0x0e000000         xrw
datamem          0x10000000         0x32000000         rw
loadmem          0xc0000000         0x08000000         xrw
*default*        0x00000000         0xffffffff

Linker script and memory map

                0x02000000                        . = ORIGIN (codemem)

.syscall
 *(.syscall .syscall.*)

.text           0x02000000    0x17694
 *(.crt0)
 *(SORT_NONE(.init))
 .init          0x02000000        0xc /opt/devkitpro/devkitPPC/bin/../lib/gcc/powerpc-eabi/14.2.0/ecrti.o
                0x02000000                __init
 .init          0x0200000c        0x4 /opt/devkitpro/devkitPPC/bin/../lib/gcc/powerpc-eabi/14.2.0/crtbegin.o
 .init          0x02000010        0x4 /opt/devkitpro/devkitPPC/bin/../lib/gcc/powerpc-eabi/14.2.0/crtend.o
 .init          0x02000014       0x10 /opt/devkitpro/devkitPPC/bin/../lib/gcc/powerpc-eabi/14.2.0/ecrtn.o
 *(.text.unlikely .text.*_unlikely .text.unlikely.*)
 .text.unlikely.abort
                0x02000024       0xb4 /opt/devkitpro/wups/lib/libwups.a(main.o)
                                 0xa4 (size before relaxing)
                0x02000024                abort
 .text.unlikely._ZSt9terminatev
                0x020000d8       0x24 /opt/devkitpro/devkitPPC/bin/../lib/gcc/powerpc-eabi/14.2.0/../../../../powerpc-eabi/lib/libstdc++.a(eh_terminate.o)
                0x020000d8                _ZSt9terminatev
 .text.unlikely._ZSt10unexpectedv
                0x020000fc       0x24 /opt/devkitpro/devkitPPC/bin/../lib/gcc/powerpc-eabi/14.2.0/../../../../powerpc-eabi/lib/libstdc++.a(eh_terminate.o)
                0x020000fc                _ZSt10unexpectedv
 .text.unlikely._ZN9__gnu_cxx30__throw_concurrence_lock_errorEv
                0x02000120       0x34 /opt/devkitpro/devkitPPC/bin/../lib/gcc/powerpc-eabi/14.2.0/../../../../powerpc-eabi/lib/libstdc++.a(guard.o)
                0x02000120                _ZN9__gnu_cxx30__throw_concurrence_lock_errorEv
 .text.unlikely._ZN9__gnu_cxx32__throw_concurrence_unlock_errorEv
                0x02000154       0x34 /opt/devkitpro/devkitPPC/bin/../lib/gcc/powerpc-eabi/14.2.0/../../../../powerpc-eabi/lib/libstdc++.a(guard.o)
                0x02000154                _ZN9__gnu_cxx32__throw_concurrence_unlock_errorEv
 .text.unlikely._ZSt17__throw_bad_allocv
                0x02000188       0x34 /opt/devkitpro/devkitPPC/bin/../lib/gcc/powerpc-eabi/14.2.0/../../../../powerpc-eabi/lib/libstdc++.a(functexcept.o)
                0x02000188                _ZSt17__throw_bad_allocv
 .text.unlikely._ZSt28__throw_bad_array_new_lengthv
                0x020001bc       0x34 /opt/devkitpro/devkitPPC/bin/../lib/gcc/powerpc-eabi/14.2.0/../../../../powerpc-eabi/lib/libstdc++.a(functexcept.o)
                0x020001bc                _ZSt28__throw_bad_array_new_lengthv
 .text.unlikely._ZSt19__throw_logic_errorPKc
                0x020001f0       0x58 /opt/devkitpro/devkitPPC/bin/../lib/gcc/powerpc-eabi/14.2.0/../../../../powerpc-eabi/lib/libstdc++.a(functexcept.o)
                0x020001f0                _ZSt19__throw_logic_errorPKc
 .text.unlikely._ZSt20__throw_length_errorPKc
                0x02000248       0x58 /opt/devkitpro/devkitPPC/bin/../lib/gcc/powerpc-eabi/14.2.0/../../../../powerpc-eabi/lib/libstdc++.a(functexcept.o)
                0x02000248                _ZSt20__throw_length_errorPKc
 .text.unlikely.__cxa_call_terminate
                0x020002a0       0x58 /opt/devkitpro/devkitPPC/bin/../lib/gcc/powerpc-eabi/14.2.0/../../../../powerpc-eabi/lib/libstdc++.a(eh_call.o)
                0x020002a0                __cxa_call_terminate
 *(.text.exit .text.exit.*)
 .text.exit._GLOBAL__sub_D__ZN9__gnu_cxx9__freeresEv
                0x020002f8       0x5c /opt/devkitpro/devkitPPC/bin/../lib/gcc/powerpc-eabi/14.2.0/../../../../powerpc-eabi/lib/libstdc++.a(eh_alloc.o)
 .text.exit._GLOBAL__sub_D__ZN17__eh_globals_init7_S_initE
                0x02000354       0x48 /opt/devkitpro/devkitPPC/bin/../lib/gcc/powerpc-eabi/14.2.0/../../../../powerpc-eabi/lib/libstdc++.a(eh_globals.o)
 *(.text.startup .text.startup.*)
 .text.startup._GLOBAL__sub_I__ZN9__gnu_cxx9__freeresEv
                0x0200039c      0x21c /opt/devkitpro/devkitPPC/bin/../lib/gcc/powerpc-eabi/14.2.0/../../../../powerpc-eabi/lib/libstdc++.a(eh_alloc.o)
 .text.startup._GLOBAL__sub_I__ZN17__eh_globals_init7_S_initE
                0x020005b8       0x50 /opt/devkitpro/devkitPPC/bin/../lib/gcc/powerpc-eabi/14.2.0/../../../../powerpc-eabi/lib/libstdc++.a(eh_globals.o)
 *(.text.hot .text.hot.*)
 *(SORT_BY_NAME(.text.sorted.*))
 *(.text .stub .text.* .gnu.linkonce.t.*)
 .text.__do_global_dtors_aux
                0x02000608       0xcc /opt/devkitpro/devkitPPC/bin/../lib/gcc/powerpc-eabi/14.2.0/crtbegin.o
 .text.frame_dummy
                0x020006d4       0x24 /opt/devkitpro/devkitPPC/bin/../lib/gcc/powerpc-eabi/14.2.0/crtbegin.o
 .text          0x020006f8      0x8b8 main.o
                                0x878 (size before relaxing)
                0x020006f8                _Z18on_init_wut_mallocv
                0x02000728                _Z18on_fini_wut_mallocv
                0x02000758                _Z19on_init_wut_socketsv
                0x02000798                _Z19on_fini_wut_socketsv
                0x020007d8                _Z18on_init_wut_newlibv
                0x02000808                _Z18on_fini_wut_newlibv
                0x02000838                _Z18on_init_wut_stdcppv
                0x02000868                _Z18on_fini_wut_stdcppv
                0x02000898                _Z14__init_wrapperv
                0x02000904                _Z14__fini_wrapperv
                0x02000934                _Z26wups_init_config_functions30wups_loader_init_config_args_t
                0x02000998                _Z20on_init_wut_devoptabv
                0x020009c8                _Z20on_fini_wut_devoptabv
                0x020009f8                _Z12init_storage32wups_loader_init_storage_args_t_
                0x02000a58                _Z17getAlchemyGameRpxv
                0x02000c44                _Z16fixGhidraAddressP20OSDynLoad_NotifyDataPv
                0x02000c98                _Z4dumpv
                0x02000ce8                _Z11init_pluginv
                0x02000d2c                _Z13deinit_pluginv
                0x02000d4c                _Z15on_app_startingv
                0x02000d80                _Z13on_app_endingv
                0x02000da0                _Z20on_app_requests_exitv
                0x02000dc0                _Z19CheckForButtonCombojj
                0x02000e28                _Z11my_VPADRead8VPADChanP10VPADStatusjP13VPADReadError
 .text._ZSt21is_constant_evaluatedv
                0x02000fb0       0x28 main.o
                0x02000fb0                _ZSt21is_constant_evaluatedv
 .text._ZnwjPv  0x02000fd8       0x2c main.o
                0x02000fd8                _ZnwjPv
 .text._ZNSt11char_traitsIcE2ltERKcS2_
                0x02001004       0x50 main.o
                0x02001004                _ZNSt11char_traitsIcE2ltERKcS2_
 .text._ZNSt11char_traitsIcE7compareEPKcS2_j
                0x02001054      0x120 main.o
                0x02001054                _ZNSt11char_traitsIcE7compareEPKcS2_j
 .text._ZNSt11char_traitsIcE6lengthEPKc
                0x02001174       0x64 main.o
                0x02001174                _ZNSt11char_traitsIcE6lengthEPKc
 .text._ZSt17__size_to_integerj
                0x020011d8       0x28 main.o
                0x020011d8                _ZSt17__size_to_integerj
 .text._ZNSt12_Vector_baseI20OSDynLoad_NotifyDataSaIS0_EE12_Vector_implD2Ev
                0x02001200       0x30 main.o
                0x02001200                _ZNSt12_Vector_baseI20OSDynLoad_NotifyDataSaIS0_EE12_Vector_implD2Ev
                0x02001200                _ZNSt12_Vector_baseI20OSDynLoad_NotifyDataSaIS0_EE12_Vector_implD1Ev
 .text._ZNK9__gnu_cxx17__normal_iteratorIP20OSDynLoad_NotifyDataSt6vectorIS1_SaIS1_EEE4baseEv
                0x02001230       0x28 main.o
                0x02001230                _ZNK9__gnu_cxx17__normal_iteratorIP20OSDynLoad_NotifyDataSt6vectorIS1_SaIS1_EEE4baseEv
 .text._ZN9__gnu_cxxeqIP20OSDynLoad_NotifyDataSt6vectorIS1_SaIS1_EEEEbRKNS_17__normal_iteratorIT_T0_EESB_QrqXeqcldtfL0p_4baseEcldtfL0p0_4baseERSt14convertible_toIbEE
                0x02001258       0x70 main.o
                0x02001258                _ZN9__gnu_cxxeqIP20OSDynLoad_NotifyDataSt6vectorIS1_SaIS1_EEEEbRKNS_17__normal_iteratorIT_T0_EESB_QrqXeqcldtfL0p_4baseEcldtfL0p0_4baseERSt14convertible_toIbEE
                0x02001258                _ZN9__gnu_cxxeqIP20OSDynLoad_NotifyDataSt6vectorIS1_SaIS1_EEEEbRKNS_17__normal_iteratorIT_T0_EESB_
 .text._ZNK9__gnu_cxx17__normal_iteratorIP20OSDynLoad_NotifyDataSt6vectorIS1_SaIS1_EEEdeEv
                0x020012c8       0x2c main.o
                0x020012c8                _ZNK9__gnu_cxx17__normal_iteratorIP20OSDynLoad_NotifyDataSt6vectorIS1_SaIS1_EEEdeEv
 .text._ZN9__gnu_cxx11char_traitsIcE6lengthEPKc
                0x020012f4       0x88 main.o
                0x020012f4                _ZN9__gnu_cxx11char_traitsIcE6lengthEPKc
 .text._ZNKSt17basic_string_viewIcSt11char_traitsIcEE4dataEv
                0x0200137c       0x2c main.o
                0x0200137c                _ZNKSt17basic_string_viewIcSt11char_traitsIcEE4dataEv
 .text._ZNKSt17basic_string_viewIcSt11char_traitsIcEE4sizeEv
                0x020013a8       0x2c main.o
                0x020013a8                _ZNKSt17basic_string_viewIcSt11char_traitsIcEE4sizeEv
 .text._ZNSt12_Vector_baseI20OSDynLoad_NotifyDataSaIS0_EED2Ev
                0x020013d4       0x7c main.o
                0x020013d4                _ZNSt12_Vector_baseI20OSDynLoad_NotifyDataSaIS0_EED2Ev
                0x020013d4                _ZNSt12_Vector_baseI20OSDynLoad_NotifyDataSaIS0_EED1Ev
 .text._ZNSt6vectorI20OSDynLoad_NotifyDataSaIS0_EED2Ev
                0x02001450       0x8c main.o
                0x02001450                _ZNSt6vectorI20OSDynLoad_NotifyDataSaIS0_EED2Ev
                0x02001450                _ZNSt6vectorI20OSDynLoad_NotifyDataSaIS0_EED1Ev
 .text._ZNSt6vectorI20OSDynLoad_NotifyDataSaIS0_EE6resizeEj
                0x020014dc       0xcc main.o
                0x020014dc                _ZNSt6vectorI20OSDynLoad_NotifyDataSaIS0_EE6resizeEj
 .text._ZNSt6vectorI20OSDynLoad_NotifyDataSaIS0_EE4dataEv
                0x020015a8       0x4c main.o
                0x020015a8                _ZNSt6vectorI20OSDynLoad_NotifyDataSaIS0_EE4dataEv
 .text._ZNSt6vectorI20OSDynLoad_NotifyDataSaIS0_EE5beginEv
                0x020015f4       0x4c main.o
                0x020015f4                _ZNSt6vectorI20OSDynLoad_NotifyDataSaIS0_EE5beginEv
 .text._ZNSt6vectorI20OSDynLoad_NotifyDataSaIS0_EE3endEv
                0x02001640       0x50 main.o
                0x02001640                _ZNSt6vectorI20OSDynLoad_NotifyDataSaIS0_EE3endEv
 .text._ZN9__gnu_cxx17__normal_iteratorIP20OSDynLoad_NotifyDataSt6vectorIS1_SaIS1_EEEppEv
                0x02001690       0x3c main.o
                0x02001690                _ZN9__gnu_cxx17__normal_iteratorIP20OSDynLoad_NotifyDataSt6vectorIS1_SaIS1_EEEppEv
 .text._ZNSt17basic_string_viewIcSt11char_traitsIcEEC2EPKc
                0x020016cc       0x58 main.o
                0x020016cc                _ZNSt17basic_string_viewIcSt11char_traitsIcEEC2EPKc
                0x020016cc                _ZNSt17basic_string_viewIcSt11char_traitsIcEEC1EPKc
 .text._ZNKSt17basic_string_viewIcSt11char_traitsIcEE9ends_withEPKc
                0x02001724       0x70 main.o
                0x02001724                _ZNKSt17basic_string_viewIcSt11char_traitsIcEE9ends_withEPKc
 .text._ZN9__gnu_cxx11char_traitsIcE2eqERKcS3_
                0x02001794       0x50 main.o
                0x02001794                _ZN9__gnu_cxx11char_traitsIcE2eqERKcS3_
 .text._ZSt3minIjERKT_S2_S2_
                0x020017e4       0x4c main.o
                0x020017e4                _ZSt3minIjERKT_S2_S2_
 .text._ZSt3maxIjERKT_S2_S2_
                0x02001830       0x4c main.o
                0x02001830                _ZSt3maxIjERKT_S2_S2_
 .text._ZNSt12_Vector_baseI20OSDynLoad_NotifyDataSaIS0_EE13_M_deallocateEPS0_j
                0x0200187c       0xa8 main.o
                0x0200187c                _ZNSt12_Vector_baseI20OSDynLoad_NotifyDataSaIS0_EE13_M_deallocateEPS0_j
 .text._ZNSt12_Vector_baseI20OSDynLoad_NotifyDataSaIS0_EE19_M_get_Tp_allocatorEv
                0x02001924       0x28 main.o
                0x02001924                _ZNSt12_Vector_baseI20OSDynLoad_NotifyDataSaIS0_EE19_M_get_Tp_allocatorEv
 .text._ZNKSt6vectorI20OSDynLoad_NotifyDataSaIS0_EE4sizeEv
                0x0200194c       0x48 main.o
                0x0200194c                _ZNKSt6vectorI20OSDynLoad_NotifyDataSaIS0_EE4sizeEv
 .text._ZNKSt6vectorI20OSDynLoad_NotifyDataSaIS0_EE8max_sizeEv
                0x02001994       0x50 main.o
                0x02001994                _ZNKSt6vectorI20OSDynLoad_NotifyDataSaIS0_EE8max_sizeEv
 .text._ZNKSt12_Vector_baseI20OSDynLoad_NotifyDataSaIS0_EE19_M_get_Tp_allocatorEv
                0x020019e4       0x28 main.o
                0x020019e4                _ZNKSt12_Vector_baseI20OSDynLoad_NotifyDataSaIS0_EE19_M_get_Tp_allocatorEv
 .text._ZNSt6vectorI20OSDynLoad_NotifyDataSaIS0_EE11_S_max_sizeERKS1_
                0x02001a0c       0x68 main.o
                0x02001a0c                _ZNSt6vectorI20OSDynLoad_NotifyDataSaIS0_EE11_S_max_sizeERKS1_
 .text._ZNKSt6vectorI20OSDynLoad_NotifyDataSaIS0_EE12_M_check_lenEjPKc
                0x02001a74      0x108 main.o
                0x02001a74                _ZNKSt6vectorI20OSDynLoad_NotifyDataSaIS0_EE12_M_check_lenEjPKc
 .text._ZZNSt6vectorI20OSDynLoad_NotifyDataSaIS0_EE17_M_default_appendEjEN6_GuardC2EPS0_jRS1_
                0x02001b7c       0x54 main.o
                0x02001b7c                _ZZNSt6vectorI20OSDynLoad_NotifyDataSaIS0_EE17_M_default_appendEjEN6_GuardC1EPS0_jRS1_
                0x02001b7c                _ZZNSt6vectorI20OSDynLoad_NotifyDataSaIS0_EE17_M_default_appendEjEN6_GuardC2EPS0_jRS1_
 .text._ZZNSt6vectorI20OSDynLoad_NotifyDataSaIS0_EE17_M_default_appendEjEN6_GuardD2Ev
                0x02001bd0       0xb0 main.o
                0x02001bd0                _ZZNSt6vectorI20OSDynLoad_NotifyDataSaIS0_EE17_M_default_appendEjEN6_GuardD2Ev
                0x02001bd0                _ZZNSt6vectorI20OSDynLoad_NotifyDataSaIS0_EE17_M_default_appendEjEN6_GuardD1Ev
 .text._ZNSt6vectorI20OSDynLoad_NotifyDataSaIS0_EE17_M_default_appendEj
                0x02001c80      0x240 main.o
                0x02001c80                _ZNSt6vectorI20OSDynLoad_NotifyDataSaIS0_EE17_M_default_appendEj
 .text._ZNSt6vectorI20OSDynLoad_NotifyDataSaIS0_EE15_M_erase_at_endEPS0_
                0x02001ec0       0xb4 main.o
                0x02001ec0                _ZNSt6vectorI20OSDynLoad_NotifyDataSaIS0_EE15_M_erase_at_endEPS0_
 .text._ZNKSt6vectorI20OSDynLoad_NotifyDataSaIS0_EE11_M_data_ptrIS0_EEPT_S5_
                0x02001f74       0x2c main.o
                0x02001f74                _ZNKSt6vectorI20OSDynLoad_NotifyDataSaIS0_EE11_M_data_ptrIS0_EEPT_S5_
 .text._ZN9__gnu_cxx17__normal_iteratorIP20OSDynLoad_NotifyDataSt6vectorIS1_SaIS1_EEEC2ERKS2_
                0x02001fa0       0x38 main.o
                0x02001fa0                _ZN9__gnu_cxx17__normal_iteratorIP20OSDynLoad_NotifyDataSt6vectorIS1_SaIS1_EEEC1ERKS2_
                0x02001fa0                _ZN9__gnu_cxx17__normal_iteratorIP20OSDynLoad_NotifyDataSt6vectorIS1_SaIS1_EEEC2ERKS2_
 .text._ZNKSt17basic_string_viewIcSt11char_traitsIcEE3endEv
                0x02001fd8       0x38 main.o
                0x02001fd8                _ZNKSt17basic_string_viewIcSt11char_traitsIcEE3endEv
 .text._ZNKSt17basic_string_viewIcSt11char_traitsIcEE9ends_withES2_
                0x02002010       0xd0 main.o
                0x02002010                _ZNKSt17basic_string_viewIcSt11char_traitsIcEE9ends_withES2_
 .text._ZSt8_DestroyIP20OSDynLoad_NotifyDataEvT_S2_
                0x020020e0       0x60 main.o
                0x020020e0                _ZSt8_DestroyIP20OSDynLoad_NotifyDataEvT_S2_
 .text._ZSt27__uninitialized_default_n_aIP20OSDynLoad_NotifyDatajS0_ET_S2_T0_RSaIT1_E
                0x02002140       0x4c main.o
                0x02002140                _ZSt27__uninitialized_default_n_aIP20OSDynLoad_NotifyDatajS0_ET_S2_T0_RSaIT1_E
 .text._ZNSt12_Vector_baseI20OSDynLoad_NotifyDataSaIS0_EE11_M_allocateEj
                0x0200218c      0x164 main.o
                0x0200218c                _ZNSt12_Vector_baseI20OSDynLoad_NotifyDataSaIS0_EE11_M_allocateEj
 .text._ZNSt6vectorI20OSDynLoad_NotifyDataSaIS0_EE11_S_relocateEPS0_S3_S3_RS1_
                0x020022f0       0x58 main.o
                0x020022f0                _ZNSt6vectorI20OSDynLoad_NotifyDataSaIS0_EE11_S_relocateEPS0_S3_S3_RS1_
 .text._ZNSt12_Destroy_auxILb0EE9__destroyIP20OSDynLoad_NotifyDataEEvT_S4_
                0x02002348       0x70 main.o
                0x02002348                _ZNSt12_Destroy_auxILb0EE9__destroyIP20OSDynLoad_NotifyDataEEvT_S4_
 .text._ZNSt12_Destroy_auxILb1EE9__destroyIP20OSDynLoad_NotifyDataEEvT_S4_
                0x020023b8       0x28 main.o
                0x020023b8                _ZNSt12_Destroy_auxILb1EE9__destroyIP20OSDynLoad_NotifyDataEEvT_S4_
 .text._ZSt25__uninitialized_default_nIP20OSDynLoad_NotifyDatajET_S2_T0_
                0x020023e0       0x7c main.o
                0x020023e0                _ZSt25__uninitialized_default_nIP20OSDynLoad_NotifyDatajET_S2_T0_
 .text._ZSt12__relocate_aIP20OSDynLoad_NotifyDataS1_SaIS0_EET0_T_S4_S3_RT1_
                0x0200245c       0x8c main.o
                0x0200245c                _ZSt12__relocate_aIP20OSDynLoad_NotifyDataS1_SaIS0_EET0_T_S4_S3_RT1_
 .text._ZNSt15__new_allocatorI20OSDynLoad_NotifyDataE10deallocateEPS0_j
                0x020024e8       0x4c main.o
                0x020024e8                _ZNSt15__new_allocatorI20OSDynLoad_NotifyDataE10deallocateEPS0_j
 .text._ZSt11__addressofI20OSDynLoad_NotifyDataEPT_RS1_
                0x02002534       0x28 main.o
                0x02002534                _ZSt11__addressofI20OSDynLoad_NotifyDataEPT_RS1_
 .text._ZSt8_DestroyI20OSDynLoad_NotifyDataEvPT_
                0x0200255c       0x3c main.o
                0x0200255c                _ZSt8_DestroyI20OSDynLoad_NotifyDataEvPT_
 .text._ZNSt27__uninitialized_default_n_1ILb0EE18__uninit_default_nIP20OSDynLoad_NotifyDatajEET_S4_T0_
                0x02002598       0x80 main.o
                0x02002598                _ZNSt27__uninitialized_default_n_1ILb0EE18__uninit_default_nIP20OSDynLoad_NotifyDatajEET_S4_T0_
 .text._ZNSt27__uninitialized_default_n_1ILb1EE18__uninit_default_nIP20OSDynLoad_NotifyDatajEET_S4_T0_
                0x02002618       0x88 main.o
                0x02002618                _ZNSt27__uninitialized_default_n_1ILb1EE18__uninit_default_nIP20OSDynLoad_NotifyDatajEET_S4_T0_
 .text._ZSt12__niter_baseIP20OSDynLoad_NotifyDataET_S2_
                0x020026a0       0x28 main.o
                0x020026a0                _ZSt12__niter_baseIP20OSDynLoad_NotifyDataET_S2_
 .text._ZN9__gnu_cxx17__normal_iteratorIP20OSDynLoad_NotifyDatavEC2ERKS2_
                0x020026c8       0x38 main.o
                0x020026c8                _ZN9__gnu_cxx17__normal_iteratorIP20OSDynLoad_NotifyDatavEC2ERKS2_
                0x020026c8                _ZN9__gnu_cxx17__normal_iteratorIP20OSDynLoad_NotifyDatavEC1ERKS2_
 .text._ZSt14__relocate_a_1I20OSDynLoad_NotifyDataS0_ENSt9enable_ifIXsrSt24__is_bitwise_relocatableIT_vE5valueEPS3_E4typeES5_S5_S5_RSaIT0_E
                0x02002700      0x104 main.o
                0x02002700                _ZSt14__relocate_a_1I20OSDynLoad_NotifyDataS0_ENSt9enable_ifIXsrSt24__is_bitwise_relocatableIT_vE5valueEPS3_E4typeES5_S5_S5_RSaIT0_E
 .text._ZSt10destroy_atI20OSDynLoad_NotifyDataEvPT_
                0x02002804       0x24 main.o
                0x02002804                _ZSt10destroy_atI20OSDynLoad_NotifyDataEvPT_
 .text._ZSt10_ConstructI20OSDynLoad_NotifyDataJEEvPT_DpOT0_
                0x02002828       0x78 main.o
                0x02002828                _ZSt10_ConstructI20OSDynLoad_NotifyDataJEEvPT_DpOT0_
 .text._ZSt6fill_nIP20OSDynLoad_NotifyDatajS0_ET_S2_T0_RKT1_
                0x020028a0       0x80 main.o
                0x020028a0                _ZSt6fill_nIP20OSDynLoad_NotifyDatajS0_ET_S2_T0_RKT1_
 .text._ZNSt15__new_allocatorI20OSDynLoad_NotifyDataE8allocateEjPKv
                0x02002920       0xa8 main.o
                0x02002920                _ZNSt15__new_allocatorI20OSDynLoad_NotifyDataE8allocateEjPKv
 .text._ZSt14__relocate_a_1IP20OSDynLoad_NotifyDataN9__gnu_cxx17__normal_iteratorIS1_vEESaIS0_EET0_T_S7_S6_RT1_
                0x020029c8       0xc0 main.o
                0x020029c8                _ZSt14__relocate_a_1IP20OSDynLoad_NotifyDataN9__gnu_cxx17__normal_iteratorIS1_vEESaIS0_EET0_T_S7_S6_RT1_
 .text._ZNK9__gnu_cxx17__normal_iteratorIP20OSDynLoad_NotifyDatavE4baseEv
                0x02002a88       0x28 main.o
                0x02002a88                _ZNK9__gnu_cxx17__normal_iteratorIP20OSDynLoad_NotifyDatavE4baseEv
 .text._ZSt12construct_atI20OSDynLoad_NotifyDataJEEDTgsnwcvPvLi0E_T_pispcl7declvalIT0_EEEEPS2_DpOS3_
                0x02002ab0       0x6c main.o
                0x02002ab0                _ZSt12construct_atI20OSDynLoad_NotifyDataJEEDTgsnwcvPvLi0E_T_pispcl7declvalIT0_EEEEPS2_DpOS3_
 .text._ZSt10__fill_n_aIP20OSDynLoad_NotifyDatajS0_ET_S2_T0_RKT1_St26random_access_iterator_tag
                0x02002b1c       0x94 main.o
                0x02002b1c                _ZSt10__fill_n_aIP20OSDynLoad_NotifyDatajS0_ET_S2_T0_RKT1_St26random_access_iterator_tag
 .text._ZN9__gnu_cxx17__normal_iteratorIP20OSDynLoad_NotifyDatavEppEv
                0x02002bb0       0x3c main.o
                0x02002bb0                _ZN9__gnu_cxx17__normal_iteratorIP20OSDynLoad_NotifyDatavEppEv
 .text._ZNK9__gnu_cxx17__normal_iteratorIP20OSDynLoad_NotifyDatavEdeEv
                0x02002bec       0x2c main.o
                0x02002bec                _ZNK9__gnu_cxx17__normal_iteratorIP20OSDynLoad_NotifyDatavEdeEv
 .text._ZSt19__relocate_object_aI20OSDynLoad_NotifyDataS0_SaIS0_EEvPT_PT0_RT1_
                0x02002c18       0x9c main.o
                0x02002c18                _ZSt19__relocate_object_aI20OSDynLoad_NotifyDataS0_SaIS0_EEvPT_PT0_RT1_
 .text._ZSt8__fill_aIP20OSDynLoad_NotifyDataS0_EvT_S2_RKT0_
                0x02002cb4       0x4c main.o
                0x02002cb4                _ZSt8__fill_aIP20OSDynLoad_NotifyDataS0_EvT_S2_RKT0_
 .text._ZSt4moveIR20OSDynLoad_NotifyDataEONSt16remove_referenceIT_E4typeEOS3_
                0x02002d00       0x28 main.o
                0x02002d00                _ZSt4moveIR20OSDynLoad_NotifyDataEONSt16remove_referenceIT_E4typeEOS3_
 .text._ZSt9__fill_a1IP20OSDynLoad_NotifyDataS0_EN9__gnu_cxx11__enable_ifIXntsrSt11__is_scalarIT0_E7__valueEvE6__typeET_S9_RKS5_
                0x02002d28       0x80 main.o
                0x02002d28                _ZSt9__fill_a1IP20OSDynLoad_NotifyDataS0_EN9__gnu_cxx11__enable_ifIXntsrSt11__is_scalarIT0_E7__valueEvE6__typeET_S9_RKS5_
 .text._ZSt7forwardI20OSDynLoad_NotifyDataEOT_RNSt16remove_referenceIS1_E4typeE
                0x02002da8       0x28 main.o
                0x02002da8                _ZSt7forwardI20OSDynLoad_NotifyDataEOT_RNSt16remove_referenceIS1_E4typeE
 .text._ZSt12construct_atI20OSDynLoad_NotifyDataJS0_EEDTgsnwcvPvLi0E_T_pispcl7declvalIT0_EEEEPS2_DpOS3_
                0x02002dd0       0x80 main.o
                0x02002dd0                _ZSt12construct_atI20OSDynLoad_NotifyDataJS0_EEDTgsnwcvPvLi0E_T_pispcl7declvalIT0_EEEEPS2_DpOS3_
 .text          0x02002e50      0x10c logger.o
                0x02002e50                initLogging
                0x02002ecc                deinitLogging
 .text.WUPSConfigAPI_GetVersion
                0x02002f5c       0xf0 /opt/devkitpro/wups/lib/libwups.a(config_api.o)
                                 0xd0 (size before relaxing)
                0x02002f5c                WUPSConfigAPI_GetVersion
 .text.WUPSConfigAPI_InitLibrary_Internal
                0x0200304c      0x214 /opt/devkitpro/wups/lib/libwups.a(config_api.o)
                                0x1f4 (size before relaxing)
                0x0200304c                WUPSConfigAPI_InitLibrary_Internal
 .text.__wups_start
                0x02003260       0x1c /opt/devkitpro/wups/lib/libwups.a(main.o)
                                  0xc (size before relaxing)
                0x02003260                __wups_start
 .text.__init_wut_socket
                0x0200327c       0x80 /opt/devkitpro/wups/lib/libwups.a(main.o)
                                 0x70 (size before relaxing)
                0x0200327c                __init_wut_socket
 .text.__fini_wut_socket
                0x020032fc       0x6c /opt/devkitpro/wups/lib/libwups.a(main.o)
                0x020032fc                __fini_wut_socket
 .text.__getreent
                0x02003368        0x4 /opt/devkitpro/wups/lib/libwups.a(main.o)
                0x02003368                __getreent
 .text.wut_set_thread_specific
                0x0200336c        0x4 /opt/devkitpro/wups/lib/libwups.a(main.o)
                0x0200336c                wut_set_thread_specific
 .text.wut_get_thread_specific
                0x02003370        0x4 /opt/devkitpro/wups/lib/libwups.a(main.o)
                0x02003370                wut_get_thread_specific
 .text.__assert_func
                0x02003374      0x15c /opt/devkitpro/wups/lib/libwups.a(main.o)
                                0x14c (size before relaxing)
                0x02003374                __assert_func
 .text.WUPSStorageAPI_InitInternal
                0x020034d0       0xa4 /opt/devkitpro/wups/lib/libwups.a(storage.o)
                0x020034d0                WUPSStorageAPI_InitInternal
 .text._ZL21__wups_thread_cleanupPjPv
                0x02003574       0xec /opt/devkitpro/wups/lib/libwups.a(wups_reent.o)
                                 0xcc (size before relaxing)
 .text._Z15__wups_getreentv
                0x02003660      0x168 /opt/devkitpro/wups/lib/libwups.a(wups_reent.o)
                                0x128 (size before relaxing)
                0x02003660                _Z15__wups_getreentv
 .text.wups_set_thread_specific
                0x020037c8       0xc8 /opt/devkitpro/wups/lib/libwups.a(wups_thread_specific.o)
                                 0xa8 (size before relaxing)
                0x020037c8                wups_set_thread_specific
 .text.wups_get_thread_specific
                0x02003890       0xe8 /opt/devkitpro/wups/lib/libwups.a(wups_thread_specific.o)
                                 0xc8 (size before relaxing)
                0x02003890                wups_get_thread_specific
 .text.__syscall_lock_init
                0x02003978        0x8 /opt/devkitpro/wut/lib/libwut.a(wut_newlib.o)
                0x02003978                __syscall_lock_init
 .text.__syscall_lock_acquire
                0x02003980        0x4 /opt/devkitpro/wut/lib/libwut.a(wut_newlib.o)
                0x02003980                __syscall_lock_acquire
 .text.__syscall_lock_release
                0x02003984        0x4 /opt/devkitpro/wut/lib/libwut.a(wut_newlib.o)
                0x02003984                __syscall_lock_release
 .text.__syscall_lock_init_recursive
                0x02003988        0x8 /opt/devkitpro/wut/lib/libwut.a(wut_newlib.o)
                0x02003988                __syscall_lock_init_recursive
 .text.__init_wut_newlib
                0x02003990       0x14 /opt/devkitpro/wut/lib/libwut.a(wut_newlib.o)
                0x02003990                __init_wut_newlib
 .text.__fini_wut_newlib
                0x020039a4        0x4 /opt/devkitpro/wut/lib/libwut.a(wut_newlib.o)
                0x020039a4                __fini_wut_newlib
 .text.__fini_wut_sbrk_heap
                0x020039a8       0x70 /opt/devkitpro/wut/lib/libwut.a(wut_sbrk.o)
                                 0x60 (size before relaxing)
                0x020039a8                __fini_wut_sbrk_heap
 .text.__init_wut_malloc
                0x02003a18        0x4 /opt/devkitpro/wut/lib/libwut.a(wut_malloc.o)
                0x02003a18                __init_wut_malloc
 .text.__fini_wut_malloc
                0x02003a1c        0x4 /opt/devkitpro/wut/lib/libwut.a(wut_malloc.o)
                0x02003a1c                __fini_wut_malloc
 .text._malloc_r
                0x02003a20       0x68 /opt/devkitpro/wut/lib/libwut.a(wut_malloc.o)
                0x02003a20                _malloc_r
 .text._free_r  0x02003a88       0x18 /opt/devkitpro/wut/lib/libwut.a(wut_malloc.o)
                0x02003a88                _free_r
 .text._realloc_r
                0x02003aa0       0xe8 /opt/devkitpro/wut/lib/libwut.a(wut_malloc.o)
                                 0xd8 (size before relaxing)
                0x02003aa0                _realloc_r
 .text._calloc_r
                0x02003b88       0x94 /opt/devkitpro/wut/lib/libwut.a(wut_malloc.o)
                0x02003b88                _calloc_r
 .text._memalign_r
                0x02003c1c       0x6c /opt/devkitpro/wut/lib/libwut.a(wut_malloc.o)
                0x02003c1c                _memalign_r
 .text.WHBAddLogHandler
                0x02003c88       0x70 /opt/devkitpro/wut/lib/libwut.a(log.o)
                0x02003c88                WHBAddLogHandler
 .text.WHBRemoveLogHandler
                0x02003cf8       0x68 /opt/devkitpro/wut/lib/libwut.a(log.o)
                0x02003cf8                WHBRemoveLogHandler
 .text.WHBLogPrintf
                0x02003d60      0x1bc /opt/devkitpro/wut/lib/libwut.a(log.o)
                0x02003d60                WHBLogPrintf
 .text.cafeLogHandler
                0x02003f1c       0x78 /opt/devkitpro/wut/lib/libwut.a(log_cafe.o)
                                 0x68 (size before relaxing)
 .text.WHBLogCafeInit
                0x02003f94        0xc /opt/devkitpro/wut/lib/libwut.a(log_cafe.o)
                0x02003f94                WHBLogCafeInit
 .text.WHBLogCafeDeinit
                0x02003fa0        0xc /opt/devkitpro/wut/lib/libwut.a(log_cafe.o)
                0x02003fa0                WHBLogCafeDeinit
 .text.moduleLogHandler
                0x02003fac       0x5c /opt/devkitpro/wut/lib/libwut.a(log_module.o)
 .text.WHBLogModuleInit
                0x02004008       0xec /opt/devkitpro/wut/lib/libwut.a(log_module.o)
                                 0xbc (size before relaxing)
                0x02004008                WHBLogModuleInit
 .text.WHBLogModuleDeinit
                0x020040f4        0xc /opt/devkitpro/wut/lib/libwut.a(log_module.o)
                0x020040f4                WHBLogModuleDeinit
 .text.udpLogHandler
                0x02004100       0x4c /opt/devkitpro/wut/lib/libwut.a(log_udp.o)
 .text.WHBLogUdpInit
                0x0200414c       0xe4 /opt/devkitpro/wut/lib/libwut.a(log_udp.o)
                                 0xc4 (size before relaxing)
                0x0200414c                WHBLogUdpInit
 .text.WHBLogUdpDeinit
                0x02004230       0x4c /opt/devkitpro/wut/lib/libwut.a(log_udp.o)
                0x02004230                WHBLogUdpDeinit
 .text.__gthr_impl_active
                0x0200427c        0x8 /opt/devkitpro/wut/lib/libwut.a(wut_gthread.o)
                0x0200427c                __gthr_impl_active
 .text.__gthr_impl_once
                0x02004284        0x4 /opt/devkitpro/wut/lib/libwut.a(wut_gthread.o)
                0x02004284                __gthr_impl_once
 .text.__gthr_impl_key_delete
                0x02004288       0x30 /opt/devkitpro/wut/lib/libwut.a(wut_gthread.o)
                0x02004288                __gthr_impl_key_delete
 .text.__gthr_impl_getspecific
                0x020042b8       0x30 /opt/devkitpro/wut/lib/libwut.a(wut_gthread.o)
                0x020042b8                __gthr_impl_getspecific
 .text.__gthr_impl_setspecific
                0x020042e8       0x30 /opt/devkitpro/wut/lib/libwut.a(wut_gthread.o)
                0x020042e8                __gthr_impl_setspecific
 .text.__gthr_impl_mutex_init_function
                0x02004318        0x4 /opt/devkitpro/wut/lib/libwut.a(wut_gthread.o)
                0x02004318                __gthr_impl_mutex_init_function
 .text.__gthr_impl_mutex_destroy
                0x0200431c        0x4 /opt/devkitpro/wut/lib/libwut.a(wut_gthread.o)
                0x0200431c                __gthr_impl_mutex_destroy
 .text.__gthr_impl_mutex_lock
                0x02004320        0x4 /opt/devkitpro/wut/lib/libwut.a(wut_gthread.o)
                0x02004320                __gthr_impl_mutex_lock
 .text.__gthr_impl_mutex_unlock
                0x02004324        0x4 /opt/devkitpro/wut/lib/libwut.a(wut_gthread.o)
                0x02004324                __gthr_impl_mutex_unlock
 .text.__init_wut_stdcpp
                0x02004328        0x4 /opt/devkitpro/wut/lib/libwut.a(wut_gthread.o)
                0x02004328                __init_wut_stdcpp
 .text.__fini_wut_stdcpp
                0x0200432c        0x4 /opt/devkitpro/wut/lib/libwut.a(wut_gthread.o)
                0x0200432c                __fini_wut_stdcpp
 .text._Z16__wut_key_delete11__wut_key_t
                0x02004330       0x6c /opt/devkitpro/wut/lib/libwut.a(wut_gthread_keys.o)
                0x02004330                _Z16__wut_key_delete11__wut_key_t
 .text._Z17__wut_getspecific11__wut_key_t
                0x0200439c       0x74 /opt/devkitpro/wut/lib/libwut.a(wut_gthread_keys.o)
                0x0200439c                _Z17__wut_getspecific11__wut_key_t
 .text._Z17__wut_setspecific11__wut_key_tPKv
                0x02004410       0x88 /opt/devkitpro/wut/lib/libwut.a(wut_gthread_keys.o)
                0x02004410                _Z17__wut_setspecific11__wut_key_tPKv
 .text._Z25__wut_mutex_init_functionP7OSMutex
                0x02004498       0x14 /opt/devkitpro/wut/lib/libwut.a(wut_gthread_mutex.o)
                                  0x4 (size before relaxing)
                0x02004498                _Z25__wut_mutex_init_functionP7OSMutex
 .text._Z16__wut_mutex_lockP7OSMutex
                0x020044ac       0x34 /opt/devkitpro/wut/lib/libwut.a(wut_gthread_mutex.o)
                                 0x24 (size before relaxing)
                0x020044ac                _Z16__wut_mutex_lockP7OSMutex
 .text._Z18__wut_mutex_unlockP7OSMutex
                0x020044e0       0x34 /opt/devkitpro/wut/lib/libwut.a(wut_gthread_mutex.o)
                                 0x24 (size before relaxing)
                0x020044e0                _Z18__wut_mutex_unlockP7OSMutex
 .text._Z19__wut_mutex_destroyP7OSMutex
                0x02004514        0x8 /opt/devkitpro/wut/lib/libwut.a(wut_gthread_mutex.o)
                0x02004514                _Z19__wut_mutex_destroyP7OSMutex
 .text._Z10__wut_oncePVjPFvvE
                0x0200451c       0xdc /opt/devkitpro/wut/lib/libwut.a(wut_gthread_once.o)
                                 0xac (size before relaxing)
                0x0200451c                _Z10__wut_oncePVjPFvvE
 .text.__init_wut_devoptab
                0x020045f8      0x220 /opt/devkitpro/wut/lib/libwut.a(devoptab_fsa.o)
                                0x1d0 (size before relaxing)
                0x020045f8                __init_wut_devoptab
 .text.__fini_wut_devoptab
                0x02004818       0xac /opt/devkitpro/wut/lib/libwut.a(devoptab_fsa.o)
                                 0x8c (size before relaxing)
                0x02004818                __fini_wut_devoptab
 .text.__wut_fsa_dirclose
                0x020048c4       0xd0 /opt/devkitpro/wut/lib/libwut.a(devoptab_fsa_dirclose.o)
                                 0xa0 (size before relaxing)
                0x020048c4                __wut_fsa_dirclose
 .text.__wut_fsa_dirnext
                0x02004994      0x1dc /opt/devkitpro/wut/lib/libwut.a(devoptab_fsa_dirnext.o)
                                0x1ac (size before relaxing)
                0x02004994                __wut_fsa_dirnext
 .text.__wut_fsa_diropen
                0x02004b70      0x1a8 /opt/devkitpro/wut/lib/libwut.a(devoptab_fsa_diropen.o)
                                0x168 (size before relaxing)
                0x02004b70                __wut_fsa_diropen
 .text.__wut_fsa_dirreset
                0x02004d18       0xd0 /opt/devkitpro/wut/lib/libwut.a(devoptab_fsa_dirreset.o)
                                 0xa0 (size before relaxing)
                0x02004d18                __wut_fsa_dirreset
 .text.__wut_fsa_fstat
                0x02004de8      0x104 /opt/devkitpro/wut/lib/libwut.a(devoptab_fsa_fstat.o)
                                 0xd4 (size before relaxing)
                0x02004de8                __wut_fsa_fstat
 .text.__wut_fsa_fsync
                0x02004eec       0xcc /opt/devkitpro/wut/lib/libwut.a(devoptab_fsa_fsync.o)
                                 0x9c (size before relaxing)
                0x02004eec                __wut_fsa_fsync
 .text.__wut_fsa_mkdir
                0x02004fb8       0xf0 /opt/devkitpro/wut/lib/libwut.a(devoptab_fsa_mkdir.o)
                                 0xe0 (size before relaxing)
                0x02004fb8                __wut_fsa_mkdir
 .text.__wut_fsa_open
                0x020050a8      0x514 /opt/devkitpro/wut/lib/libwut.a(devoptab_fsa_open.o)
                                0x4a4 (size before relaxing)
                0x020050a8                __wut_fsa_open
 .text.__wut_fsa_read
                0x020055bc      0x1e4 /opt/devkitpro/wut/lib/libwut.a(devoptab_fsa_read.o)
                                0x1b4 (size before relaxing)
                0x020055bc                __wut_fsa_read
 .text.__wut_fsa_rename
                0x020057a0      0x124 /opt/devkitpro/wut/lib/libwut.a(devoptab_fsa_rename.o)
                                0x114 (size before relaxing)
                0x020057a0                __wut_fsa_rename
 .text.__wut_fsa_rmdir
                0x020058c4       0xd4 /opt/devkitpro/wut/lib/libwut.a(devoptab_fsa_rmdir.o)
                                 0xc4 (size before relaxing)
                0x020058c4                __wut_fsa_rmdir
 .text.__wut_fsa_seek
                0x02005998      0x1c4 /opt/devkitpro/wut/lib/libwut.a(devoptab_fsa_seek.o)
                                0x184 (size before relaxing)
                0x02005998                __wut_fsa_seek
 .text.__wut_fsa_stat
                0x02005b5c      0x128 /opt/devkitpro/wut/lib/libwut.a(devoptab_fsa_stat.o)
                                0x118 (size before relaxing)
                0x02005b5c                __wut_fsa_stat
 .text.__wut_fsa_statvfs
                0x02005c84      0x178 /opt/devkitpro/wut/lib/libwut.a(devoptab_fsa_statvfs.o)
                                0x168 (size before relaxing)
                0x02005c84                __wut_fsa_statvfs
 .text.__wut_fsa_ftruncate
                0x02005dfc      0x108 /opt/devkitpro/wut/lib/libwut.a(devoptab_fsa_truncate.o)
                                 0xc8 (size before relaxing)
                0x02005dfc                __wut_fsa_ftruncate
 .text.__wut_fsa_unlink
                0x02005f04       0xd4 /opt/devkitpro/wut/lib/libwut.a(devoptab_fsa_unlink.o)
                                 0xc4 (size before relaxing)
                0x02005f04                __wut_fsa_unlink
 .text.__wut_fsa_hashstring
                0x02005fd8       0x40 /opt/devkitpro/wut/lib/libwut.a(devoptab_fsa_utils.o)
                0x02005fd8                __wut_fsa_hashstring
 .text.__wut_fsa_fixpath
                0x02006018      0x35c /opt/devkitpro/wut/lib/libwut.a(devoptab_fsa_utils.o)
                0x02006018                __wut_fsa_fixpath
 .text.__wut_fsa_translate_stat_mode
                0x02006374       0x80 /opt/devkitpro/wut/lib/libwut.a(devoptab_fsa_utils.o)
                0x02006374                __wut_fsa_translate_stat_mode
 .text.__wut_fsa_translate_stat
                0x020063f4      0x144 /opt/devkitpro/wut/lib/libwut.a(devoptab_fsa_utils.o)
                0x020063f4                __wut_fsa_translate_stat
 .text.__wut_fsa_translate_error
                0x02006538       0x28 /opt/devkitpro/wut/lib/libwut.a(devoptab_fsa_utils.o)
                0x02006538                __wut_fsa_translate_error
 .text.__wut_fsa_write
                0x02006560      0x204 /opt/devkitpro/wut/lib/libwut.a(devoptab_fsa_write.o)
                                0x1d4 (size before relaxing)
                0x02006560                __wut_fsa_write
 .text.__wut_lock_init
                0x02006764       0xec /opt/devkitpro/wut/lib/libwut.a(wut_lock.o)
                                 0xcc (size before relaxing)
                0x02006764                __wut_lock_init
 .text.__wut_lock_acquire
                0x02006850       0x64 /opt/devkitpro/wut/lib/libwut.a(wut_lock.o)
                                 0x54 (size before relaxing)
                0x02006850                __wut_lock_acquire
 .text.__wut_lock_release
                0x020068b4       0x64 /opt/devkitpro/wut/lib/libwut.a(wut_lock.o)
                                 0x54 (size before relaxing)
                0x020068b4                __wut_lock_release
 .text.sendto   0x02006918       0xb8 /opt/devkitpro/wut/lib/libwut.a(sendto.o)
                                 0xa8 (size before relaxing)
                0x02006918                sendto
 .text.setsockopt
                0x020069d0       0xa4 /opt/devkitpro/wut/lib/libwut.a(setsockopt.o)
                                 0x94 (size before relaxing)
                0x020069d0                setsockopt
 .text.shutdown
                0x02006a74       0x68 /opt/devkitpro/wut/lib/libwut.a(shutdown.o)
                                 0x58 (size before relaxing)
                0x02006a74                shutdown
 .text.socket   0x02006adc       0xe0 /opt/devkitpro/wut/lib/libwut.a(socket.o)
                                 0xd0 (size before relaxing)
                0x02006adc                socket
 .text.__wut_socket_init_devoptab
                0x02006bbc        0xc /opt/devkitpro/wut/lib/libwut.a(wut_socket_common.o)
                0x02006bbc                __wut_socket_init_devoptab
 .text.__wut_socket_fini_devoptab
                0x02006bc8        0xc /opt/devkitpro/wut/lib/libwut.a(wut_socket_common.o)
                0x02006bc8                __wut_socket_fini_devoptab
 .text.__wut_get_nsysnet_fd
                0x02006bd4       0x8c /opt/devkitpro/wut/lib/libwut.a(wut_socket_common.o)
                0x02006bd4                __wut_get_nsysnet_fd
 .text.__wut_get_nsysnet_result
                0x02006c60       0x98 /opt/devkitpro/wut/lib/libwut.a(wut_socket_common.o)
                                 0x88 (size before relaxing)
                0x02006c60                __wut_get_nsysnet_result
 .text.__wut_socket_open
                0x02006cf8       0x10 /opt/devkitpro/wut/lib/libwut.a(wut_socket_open.o)
                0x02006cf8                __wut_socket_open
 .text.__wut_socket_read
                0x02006d08       0x54 /opt/devkitpro/wut/lib/libwut.a(wut_socket_read.o)
                                 0x44 (size before relaxing)
                0x02006d08                __wut_socket_read
 .text.__wut_socket_write
                0x02006d5c       0x54 /opt/devkitpro/wut/lib/libwut.a(wut_socket_write.o)
                                 0x44 (size before relaxing)
                0x02006d5c                __wut_socket_write
 .text.__wut_fsa_chdir
                0x02006db0      0x130 /opt/devkitpro/wut/lib/libwut.a(devoptab_fsa_chdir.o)
                                0x120 (size before relaxing)
                0x02006db0                __wut_fsa_chdir
 .text.__wut_fsa_chmod
                0x02006ee0       0xf0 /opt/devkitpro/wut/lib/libwut.a(devoptab_fsa_chmod.o)
                                 0xe0 (size before relaxing)
                0x02006ee0                __wut_fsa_chmod
 .text.__wut_fsa_close
                0x02006fd0       0xcc /opt/devkitpro/wut/lib/libwut.a(devoptab_fsa_close.o)
                                 0x9c (size before relaxing)
                0x02006fd0                __wut_fsa_close
 .text.__wut_socket_close
                0x0200709c       0x48 /opt/devkitpro/wut/lib/libwut.a(wut_socket_close.o)
                                 0x38 (size before relaxing)
                0x0200709c                __wut_socket_close
 .text._ZdlPv   0x020070e4        0x4 /opt/devkitpro/devkitPPC/bin/../lib/gcc/powerpc-eabi/14.2.0/../../../../powerpc-eabi/lib/libstdc++.a(del_op.o)
                0x020070e4                _ZdlPv
 .text._ZdlPvj  0x020070e8        0x4 /opt/devkitpro/devkitPPC/bin/../lib/gcc/powerpc-eabi/14.2.0/../../../../powerpc-eabi/lib/libstdc++.a(del_ops.o)
                0x020070e8                _ZdlPvj
 .text._ZL16get_adjusted_ptrPKSt9type_infoS1_PPv
                0x020070ec       0xa0 /opt/devkitpro/devkitPPC/bin/../lib/gcc/powerpc-eabi/14.2.0/../../../../powerpc-eabi/lib/libstdc++.a(eh_personality.o)
 .text._ZL28read_encoded_value_with_basehjPKhPj
                0x0200718c      0x13c /opt/devkitpro/devkitPPC/bin/../lib/gcc/powerpc-eabi/14.2.0/../../../../powerpc-eabi/lib/libstdc++.a(eh_personality.o)
 .text._ZL21base_of_encoded_valuehP15_Unwind_Context
                0x020072c8       0x68 /opt/devkitpro/devkitPPC/bin/../lib/gcc/powerpc-eabi/14.2.0/../../../../powerpc-eabi/lib/libstdc++.a(eh_personality.o)
 .text._ZL17parse_lsda_headerP15_Unwind_ContextPKhP16lsda_header_info
                0x02007330      0x11c /opt/devkitpro/devkitPPC/bin/../lib/gcc/powerpc-eabi/14.2.0/../../../../powerpc-eabi/lib/libstdc++.a(eh_personality.o)
 .text._ZL20check_exception_specP16lsda_header_infoPKSt9type_infoPvl
                0x0200744c      0x138 /opt/devkitpro/devkitPPC/bin/../lib/gcc/powerpc-eabi/14.2.0/../../../../powerpc-eabi/lib/libstdc++.a(eh_personality.o)
 .text.__gxx_personality_v0
                0x02007584      0x830 /opt/devkitpro/devkitPPC/bin/../lib/gcc/powerpc-eabi/14.2.0/../../../../powerpc-eabi/lib/libstdc++.a(eh_personality.o)
                0x02007584                __gxx_personality_v0
 .text.__cxa_call_unexpected
                0x02007db4       0xf8 /opt/devkitpro/devkitPPC/bin/../lib/gcc/powerpc-eabi/14.2.0/../../../../powerpc-eabi/lib/libstdc++.a(eh_personality.o)
                0x02007db4                __cxa_call_unexpected
 .text._ZN10__cxxabiv111__terminateEPFvvE
                0x02007eac       0x20 /opt/devkitpro/devkitPPC/bin/../lib/gcc/powerpc-eabi/14.2.0/../../../../powerpc-eabi/lib/libstdc++.a(eh_terminate.o)
                0x02007eac                _ZN10__cxxabiv111__terminateEPFvvE
 .text._ZN10__cxxabiv112__unexpectedEPFvvE
                0x02007ecc       0x18 /opt/devkitpro/devkitPPC/bin/../lib/gcc/powerpc-eabi/14.2.0/../../../../powerpc-eabi/lib/libstdc++.a(eh_terminate.o)
                0x02007ecc                _ZN10__cxxabiv112__unexpectedEPFvvE
 .text._ZSt13get_terminatev
                0x02007ee4       0x18 /opt/devkitpro/devkitPPC/bin/../lib/gcc/powerpc-eabi/14.2.0/../../../../powerpc-eabi/lib/libstdc++.a(eh_terminate.o)
                0x02007ee4                _ZSt13get_terminatev
 .text._ZSt14get_unexpectedv
                0x02007efc       0x18 /opt/devkitpro/devkitPPC/bin/../lib/gcc/powerpc-eabi/14.2.0/../../../../powerpc-eabi/lib/libstdc++.a(eh_terminate.o)
                0x02007efc                _ZSt14get_unexpectedv
 .text._ZL23__gxx_exception_cleanup19_Unwind_Reason_CodeP17_Unwind_Exception
                0x02007f14       0x8c /opt/devkitpro/devkitPPC/bin/../lib/gcc/powerpc-eabi/14.2.0/../../../../powerpc-eabi/lib/libstdc++.a(eh_throw.o)
 .text.__cxa_init_primary_exception
                0x02007fa0       0x70 /opt/devkitpro/devkitPPC/bin/../lib/gcc/powerpc-eabi/14.2.0/../../../../powerpc-eabi/lib/libstdc++.a(eh_throw.o)
                0x02007fa0                __cxa_init_primary_exception
 .text.__cxa_throw
                0x02008010       0x68 /opt/devkitpro/devkitPPC/bin/../lib/gcc/powerpc-eabi/14.2.0/../../../../powerpc-eabi/lib/libstdc++.a(eh_throw.o)
                0x02008010                __cxa_throw
 .text.__cxa_rethrow
                0x02008078       0x8c /opt/devkitpro/devkitPPC/bin/../lib/gcc/powerpc-eabi/14.2.0/../../../../powerpc-eabi/lib/libstdc++.a(eh_throw.o)
                0x02008078                __cxa_rethrow
 .text._ZNK9__gnu_cxx24__concurrence_lock_error4whatEv
                0x02008104        0xc /opt/devkitpro/devkitPPC/bin/../lib/gcc/powerpc-eabi/14.2.0/../../../../powerpc-eabi/lib/libstdc++.a(guard.o)
                0x02008104                _ZNK9__gnu_cxx24__concurrence_lock_error4whatEv
 .text._ZNK9__gnu_cxx26__concurrence_unlock_error4whatEv
                0x02008110        0xc /opt/devkitpro/devkitPPC/bin/../lib/gcc/powerpc-eabi/14.2.0/../../../../powerpc-eabi/lib/libstdc++.a(guard.o)
                0x02008110                _ZNK9__gnu_cxx26__concurrence_unlock_error4whatEv
 .text._ZN9__gnu_cxx24__concurrence_lock_errorD2Ev
                0x0200811c       0x10 /opt/devkitpro/devkitPPC/bin/../lib/gcc/powerpc-eabi/14.2.0/../../../../powerpc-eabi/lib/libstdc++.a(guard.o)
                0x0200811c                _ZN9__gnu_cxx24__concurrence_lock_errorD1Ev
                0x0200811c                _ZN9__gnu_cxx24__concurrence_lock_errorD2Ev
 .text._ZN9__gnu_cxx24__concurrence_lock_errorD0Ev
                0x0200812c       0x40 /opt/devkitpro/devkitPPC/bin/../lib/gcc/powerpc-eabi/14.2.0/../../../../powerpc-eabi/lib/libstdc++.a(guard.o)
                0x0200812c                _ZN9__gnu_cxx24__concurrence_lock_errorD0Ev
 .text._ZN9__gnu_cxx26__concurrence_unlock_errorD2Ev
                0x0200816c       0x10 /opt/devkitpro/devkitPPC/bin/../lib/gcc/powerpc-eabi/14.2.0/../../../../powerpc-eabi/lib/libstdc++.a(guard.o)
                0x0200816c                _ZN9__gnu_cxx26__concurrence_unlock_errorD1Ev
                0x0200816c                _ZN9__gnu_cxx26__concurrence_unlock_errorD2Ev
 .text._ZN9__gnu_cxx26__concurrence_unlock_errorD0Ev
                0x0200817c       0x40 /opt/devkitpro/devkitPPC/bin/../lib/gcc/powerpc-eabi/14.2.0/../../../../powerpc-eabi/lib/libstdc++.a(guard.o)
                0x0200817c                _ZN9__gnu_cxx26__concurrence_unlock_errorD0Ev
 .text._Znwj    0x020081bc       0x80 /opt/devkitpro/devkitPPC/bin/../lib/gcc/powerpc-eabi/14.2.0/../../../../powerpc-eabi/lib/libstdc++.a(new_op.o)
                0x020081bc                _Znwj
 .text._ZN10__cxxabiv120__si_class_type_infoD2Ev
                0x0200823c       0x10 /opt/devkitpro/devkitPPC/bin/../lib/gcc/powerpc-eabi/14.2.0/../../../../powerpc-eabi/lib/libstdc++.a(si_class_type_info.o)
                0x0200823c                _ZN10__cxxabiv120__si_class_type_infoD2Ev
                0x0200823c                _ZN10__cxxabiv120__si_class_type_infoD1Ev
 .text._ZN10__cxxabiv120__si_class_type_infoD0Ev
                0x0200824c       0x40 /opt/devkitpro/devkitPPC/bin/../lib/gcc/powerpc-eabi/14.2.0/../../../../powerpc-eabi/lib/libstdc++.a(si_class_type_info.o)
                0x0200824c                _ZN10__cxxabiv120__si_class_type_infoD0Ev
 .text._ZNK10__cxxabiv120__si_class_type_info12__do_dyncastEiNS_17__class_type_info10__sub_kindEPKS1_PKvS4_S6_RNS1_16__dyncast_resultE
                0x0200828c      0x1d4 /opt/devkitpro/devkitPPC/bin/../lib/gcc/powerpc-eabi/14.2.0/../../../../powerpc-eabi/lib/libstdc++.a(si_class_type_info.o)
                0x0200828c                _ZNK10__cxxabiv120__si_class_type_info12__do_dyncastEiNS_17__class_type_info10__sub_kindEPKS1_PKvS4_S6_RNS1_16__dyncast_resultE
 .text._ZNK10__cxxabiv120__si_class_type_info20__do_find_public_srcEiPKvPKNS_17__class_type_infoES2_
                0x02008460       0xb4 /opt/devkitpro/devkitPPC/bin/../lib/gcc/powerpc-eabi/14.2.0/../../../../powerpc-eabi/lib/libstdc++.a(si_class_type_info.o)
                0x02008460                _ZNK10__cxxabiv120__si_class_type_info20__do_find_public_srcEiPKvPKNS_17__class_type_infoES2_
 .text._ZNK10__cxxabiv120__si_class_type_info11__do_upcastEPKNS_17__class_type_infoEPKvRNS1_15__upcast_resultE
                0x02008514       0x94 /opt/devkitpro/devkitPPC/bin/../lib/gcc/powerpc-eabi/14.2.0/../../../../powerpc-eabi/lib/libstdc++.a(si_class_type_info.o)
                0x02008514                _ZNK10__cxxabiv120__si_class_type_info11__do_upcastEPKNS_17__class_type_infoEPKvRNS1_15__upcast_resultE
 .text._ZNSt9type_infoD2Ev
                0x020085a8        0x4 /opt/devkitpro/devkitPPC/bin/../lib/gcc/powerpc-eabi/14.2.0/../../../../powerpc-eabi/lib/libstdc++.a(tinfo.o)
                0x020085a8                _ZNSt9type_infoD2Ev
                0x020085a8                _ZNSt9type_infoD1Ev
 .text._ZNKSt9type_info14__is_pointer_pEv
                0x020085ac        0x8 /opt/devkitpro/devkitPPC/bin/../lib/gcc/powerpc-eabi/14.2.0/../../../../powerpc-eabi/lib/libstdc++.a(tinfo.o)
                0x020085ac                _ZNKSt9type_info15__is_function_pEv
                0x020085ac                _ZNKSt9type_info14__is_pointer_pEv
 .text._ZNKSt9bad_alloc4whatEv
                0x020085b4        0xc /opt/devkitpro/devkitPPC/bin/../lib/gcc/powerpc-eabi/14.2.0/../../../../powerpc-eabi/lib/libstdc++.a(bad_alloc.o)
                0x020085b4                _ZNKSt9bad_alloc4whatEv
 .text._ZNSt9bad_allocD2Ev
                0x020085c0       0x10 /opt/devkitpro/devkitPPC/bin/../lib/gcc/powerpc-eabi/14.2.0/../../../../powerpc-eabi/lib/libstdc++.a(bad_alloc.o)
                0x020085c0                _ZNSt9bad_allocD1Ev
                0x020085c0                _ZNSt9bad_allocD2Ev
 .text._ZNSt9bad_allocD0Ev
                0x020085d0       0x40 /opt/devkitpro/devkitPPC/bin/../lib/gcc/powerpc-eabi/14.2.0/../../../../powerpc-eabi/lib/libstdc++.a(bad_alloc.o)
                0x020085d0                _ZNSt9bad_allocD0Ev
 .text._ZNKSt20bad_array_new_length4whatEv
                0x02008610        0xc /opt/devkitpro/devkitPPC/bin/../lib/gcc/powerpc-eabi/14.2.0/../../../../powerpc-eabi/lib/libstdc++.a(bad_array_new.o)
                0x02008610                _ZNKSt20bad_array_new_length4whatEv
 .text._ZNSt20bad_array_new_lengthD2Ev
                0x0200861c       0x10 /opt/devkitpro/devkitPPC/bin/../lib/gcc/powerpc-eabi/14.2.0/../../../../powerpc-eabi/lib/libstdc++.a(bad_array_new.o)
                0x0200861c                _ZNSt20bad_array_new_lengthD1Ev
                0x0200861c                _ZNSt20bad_array_new_lengthD2Ev
 .text._ZNSt20bad_array_new_lengthD0Ev
                0x0200862c       0x40 /opt/devkitpro/devkitPPC/bin/../lib/gcc/powerpc-eabi/14.2.0/../../../../powerpc-eabi/lib/libstdc++.a(bad_array_new.o)
                0x0200862c                _ZNSt20bad_array_new_lengthD0Ev
 .text._ZNK10__cxxabiv117__class_type_info11__do_upcastEPKS0_PPv
                0x0200866c       0x7c /opt/devkitpro/devkitPPC/bin/../lib/gcc/powerpc-eabi/14.2.0/../../../../powerpc-eabi/lib/libstdc++.a(class_type_info.o)
                0x0200866c                _ZNK10__cxxabiv117__class_type_info11__do_upcastEPKS0_PPv
 .text._ZNK10__cxxabiv117__class_type_info20__do_find_public_srcEiPKvPKS0_S2_
                0x020086e8       0x18 /opt/devkitpro/devkitPPC/bin/../lib/gcc/powerpc-eabi/14.2.0/../../../../powerpc-eabi/lib/libstdc++.a(class_type_info.o)
                0x020086e8                _ZNK10__cxxabiv117__class_type_info20__do_find_public_srcEiPKvPKS0_S2_
 .text._ZN10__cxxabiv117__class_type_infoD2Ev
                0x02008700       0x10 /opt/devkitpro/devkitPPC/bin/../lib/gcc/powerpc-eabi/14.2.0/../../../../powerpc-eabi/lib/libstdc++.a(class_type_info.o)
                0x02008700                _ZN10__cxxabiv117__class_type_infoD1Ev
                0x02008700                _ZN10__cxxabiv117__class_type_infoD2Ev
 .text._ZN10__cxxabiv117__class_type_infoD0Ev
                0x02008710       0x40 /opt/devkitpro/devkitPPC/bin/../lib/gcc/powerpc-eabi/14.2.0/../../../../powerpc-eabi/lib/libstdc++.a(class_type_info.o)
                0x02008710                _ZN10__cxxabiv117__class_type_infoD0Ev
 .text._ZNK10__cxxabiv117__class_type_info11__do_upcastEPKS0_PKvRNS0_15__upcast_resultE
                0x02008750       0x94 /opt/devkitpro/devkitPPC/bin/../lib/gcc/powerpc-eabi/14.2.0/../../../../powerpc-eabi/lib/libstdc++.a(class_type_info.o)
                0x02008750                _ZNK10__cxxabiv117__class_type_info11__do_upcastEPKS0_PKvRNS0_15__upcast_resultE
 .text._ZNK10__cxxabiv117__class_type_info10__do_catchEPKSt9type_infoPPvj
                0x020087e4      0x104 /opt/devkitpro/devkitPPC/bin/../lib/gcc/powerpc-eabi/14.2.0/../../../../powerpc-eabi/lib/libstdc++.a(class_type_info.o)
                0x020087e4                _ZNK10__cxxabiv117__class_type_info10__do_catchEPKSt9type_infoPPvj
 .text._ZNK10__cxxabiv117__class_type_info12__do_dyncastEiNS0_10__sub_kindEPKS0_PKvS3_S5_RNS0_16__dyncast_resultE
                0x020088e8      0x138 /opt/devkitpro/devkitPPC/bin/../lib/gcc/powerpc-eabi/14.2.0/../../../../powerpc-eabi/lib/libstdc++.a(class_type_info.o)
                0x020088e8                _ZNK10__cxxabiv117__class_type_info12__do_dyncastEiNS0_10__sub_kindEPKS0_PKvS3_S5_RNS0_16__dyncast_resultE
 .text._ZN12_GLOBAL__N_14pool4freeEPv.constprop.0
                0x02008a20      0x154 /opt/devkitpro/devkitPPC/bin/../lib/gcc/powerpc-eabi/14.2.0/../../../../powerpc-eabi/lib/libstdc++.a(eh_alloc.o)
 .text._ZN12_GLOBAL__N_14pool8allocateEj.constprop.0
                0x02008b74      0x104 /opt/devkitpro/devkitPPC/bin/../lib/gcc/powerpc-eabi/14.2.0/../../../../powerpc-eabi/lib/libstdc++.a(eh_alloc.o)
 .text.__cxa_allocate_exception
                0x02008c78       0x64 /opt/devkitpro/devkitPPC/bin/../lib/gcc/powerpc-eabi/14.2.0/../../../../powerpc-eabi/lib/libstdc++.a(eh_alloc.o)
                0x02008c78                __cxa_allocate_exception
 .text.__cxa_free_exception
                0x02008cdc       0x30 /opt/devkitpro/devkitPPC/bin/../lib/gcc/powerpc-eabi/14.2.0/../../../../powerpc-eabi/lib/libstdc++.a(eh_alloc.o)
                0x02008cdc                __cxa_free_exception
 .text.__cxa_begin_catch
                0x02008d0c       0xc8 /opt/devkitpro/devkitPPC/bin/../lib/gcc/powerpc-eabi/14.2.0/../../../../powerpc-eabi/lib/libstdc++.a(eh_catch.o)
                0x02008d0c                __cxa_begin_catch
 .text.__cxa_end_catch
                0x02008dd4       0xc0 /opt/devkitpro/devkitPPC/bin/../lib/gcc/powerpc-eabi/14.2.0/../../../../powerpc-eabi/lib/libstdc++.a(eh_catch.o)
                0x02008dd4                __cxa_end_catch
 .text._ZNSt9exceptionD2Ev
                0x02008e94        0x4 /opt/devkitpro/devkitPPC/bin/../lib/gcc/powerpc-eabi/14.2.0/../../../../powerpc-eabi/lib/libstdc++.a(eh_exception.o)
                0x02008e94                _ZNSt9exceptionD1Ev
                0x02008e94                _ZNSt9exceptionD2Ev
 .text._ZNSt13bad_exceptionD2Ev
                0x02008e98        0x4 /opt/devkitpro/devkitPPC/bin/../lib/gcc/powerpc-eabi/14.2.0/../../../../powerpc-eabi/lib/libstdc++.a(eh_exception.o)
                0x02008e98                _ZNSt13bad_exceptionD1Ev
                0x02008e98                _ZNSt13bad_exceptionD2Ev
 .text._ZNKSt13bad_exception4whatEv
                0x02008e9c        0xc /opt/devkitpro/devkitPPC/bin/../lib/gcc/powerpc-eabi/14.2.0/../../../../powerpc-eabi/lib/libstdc++.a(eh_exception.o)
                0x02008e9c                _ZNKSt13bad_exception4whatEv
                0x02008e9c                _ZGTtNKSt13bad_exception4whatEv
 .text._ZNSt13bad_exceptionD0Ev
                0x02008ea8        0x8 /opt/devkitpro/devkitPPC/bin/../lib/gcc/powerpc-eabi/14.2.0/../../../../powerpc-eabi/lib/libstdc++.a(eh_exception.o)
                0x02008ea8                _ZNSt13bad_exceptionD0Ev
 .text._ZL15eh_globals_dtorPv
                0x02008eb0       0x68 /opt/devkitpro/devkitPPC/bin/../lib/gcc/powerpc-eabi/14.2.0/../../../../powerpc-eabi/lib/libstdc++.a(eh_globals.o)
 .text.__cxa_get_globals_fast
                0x02008f18       0x4c /opt/devkitpro/devkitPPC/bin/../lib/gcc/powerpc-eabi/14.2.0/../../../../powerpc-eabi/lib/libstdc++.a(eh_globals.o)
                0x02008f18                __cxa_get_globals_fast
 .text.__cxa_get_globals
                0x02008f64       0xbc /opt/devkitpro/devkitPPC/bin/../lib/gcc/powerpc-eabi/14.2.0/../../../../powerpc-eabi/lib/libstdc++.a(eh_globals.o)
                0x02008f64                __cxa_get_globals
 .text._ZSt15get_new_handlerv
                0x02009020       0x18 /opt/devkitpro/devkitPPC/bin/../lib/gcc/powerpc-eabi/14.2.0/../../../../powerpc-eabi/lib/libstdc++.a(new_handler.o)
                0x02009020                _ZSt15get_new_handlerv
 .text._ZNKSt11logic_error4whatEv
                0x02009038        0x8 /opt/devkitpro/devkitPPC/bin/../lib/gcc/powerpc-eabi/14.2.0/../../../../powerpc-eabi/lib/libstdc++.a(stdexcept.o)
                0x02009038                _ZNKSt13runtime_error4whatEv
                0x02009038                _ZNKSt11logic_error4whatEv
 .text._ZNSt11logic_errorD2Ev
                0x02009040       0xcc /opt/devkitpro/devkitPPC/bin/../lib/gcc/powerpc-eabi/14.2.0/../../../../powerpc-eabi/lib/libstdc++.a(stdexcept.o)
                0x02009040                _ZNSt11logic_errorD2Ev
                0x02009040                _ZNSt11logic_errorD1Ev
 .text._ZNSt12length_errorD2Ev
                0x0200910c       0xcc /opt/devkitpro/devkitPPC/bin/../lib/gcc/powerpc-eabi/14.2.0/../../../../powerpc-eabi/lib/libstdc++.a(stdexcept.o)
                0x0200910c                _ZNSt12length_errorD2Ev
                0x0200910c                _ZNSt12length_errorD1Ev
 .text._ZNSt11logic_errorD0Ev
                0x020091d8       0xc8 /opt/devkitpro/devkitPPC/bin/../lib/gcc/powerpc-eabi/14.2.0/../../../../powerpc-eabi/lib/libstdc++.a(stdexcept.o)
                0x020091d8                _ZNSt11logic_errorD0Ev
 .text._ZNSt12length_errorD0Ev
                0x020092a0       0xc8 /opt/devkitpro/devkitPPC/bin/../lib/gcc/powerpc-eabi/14.2.0/../../../../powerpc-eabi/lib/libstdc++.a(stdexcept.o)
                0x020092a0                _ZNSt12length_errorD0Ev
 .text._ZNSt11logic_errorC2EPKc
                0x02009368      0x118 /opt/devkitpro/devkitPPC/bin/../lib/gcc/powerpc-eabi/14.2.0/../../../../powerpc-eabi/lib/libstdc++.a(cow-stdexcept.o)
                0x02009368                _ZNSt11logic_errorC1EPKc
                0x02009368                _ZNSt11logic_errorC2EPKc
 .text._ZNSt12length_errorC2EPKc
                0x02009480       0x38 /opt/devkitpro/devkitPPC/bin/../lib/gcc/powerpc-eabi/14.2.0/../../../../powerpc-eabi/lib/libstdc++.a(cow-stdexcept.o)
                0x02009480                _ZNSt12length_errorC2EPKc
                0x02009480                _ZNSt12length_errorC1EPKc
 .text._ZNSs4_Rep9_S_createEjjRKSaIcE
                0x020094b8       0xc4 /opt/devkitpro/devkitPPC/bin/../lib/gcc/powerpc-eabi/14.2.0/../../../../powerpc-eabi/lib/libstdc++.a(cow-string-inst.o)
                0x020094b8                _ZNSs4_Rep9_S_createEjjRKSaIcE
 .text._ZNSs4_Rep10_M_destroyERKSaIcE
                0x0200957c        0x4 /opt/devkitpro/devkitPPC/bin/../lib/gcc/powerpc-eabi/14.2.0/../../../../powerpc-eabi/lib/libstdc++.a(cow-string-inst.o)
                0x0200957c                _ZNSs4_Rep10_M_destroyERKSaIcE
 .text.__divdi3
                0x02009580      0x3e8 /opt/devkitpro/devkitPPC/bin/../lib/gcc/powerpc-eabi/14.2.0/libgcc.a(_divdi3.o)
                0x02009580                __divdi3
 .text.__udivdi3
                0x02009968      0x3b8 /opt/devkitpro/devkitPPC/bin/../lib/gcc/powerpc-eabi/14.2.0/libgcc.a(_udivdi3.o)
                0x02009968                __udivdi3
 .text.__gthread_active_p
                0x02009d20       0x1c /opt/devkitpro/devkitPPC/bin/../lib/gcc/powerpc-eabi/14.2.0/libgcc.a(gthr-dkp.o)
                0x02009d20                __gthread_active_p
 .text.__gthread_once
                0x02009d3c       0x1c /opt/devkitpro/devkitPPC/bin/../lib/gcc/powerpc-eabi/14.2.0/libgcc.a(gthr-dkp.o)
                0x02009d3c                __gthread_once
 .text.__gthread_key_create
                0x02009d58       0x1c /opt/devkitpro/devkitPPC/bin/../lib/gcc/powerpc-eabi/14.2.0/libgcc.a(gthr-dkp.o)
                0x02009d58                __gthread_key_create
 .text.__gthread_key_delete
                0x02009d74       0x44 /opt/devkitpro/devkitPPC/bin/../lib/gcc/powerpc-eabi/14.2.0/libgcc.a(gthr-dkp.o)
                0x02009d74                __gthread_key_delete
 .text.__gthread_getspecific
                0x02009db8       0x44 /opt/devkitpro/devkitPPC/bin/../lib/gcc/powerpc-eabi/14.2.0/libgcc.a(gthr-dkp.o)
                0x02009db8                __gthread_getspecific
 .text.__gthread_setspecific
                0x02009dfc       0x44 /opt/devkitpro/devkitPPC/bin/../lib/gcc/powerpc-eabi/14.2.0/libgcc.a(gthr-dkp.o)
                0x02009dfc                __gthread_setspecific
 .text.__gthread_mutex_init_function
                0x02009e40       0x14 /opt/devkitpro/devkitPPC/bin/../lib/gcc/powerpc-eabi/14.2.0/libgcc.a(gthr-dkp.o)
                0x02009e40                __gthread_mutex_init_function
 .text.__gthread_mutex_destroy
                0x02009e54       0x1c /opt/devkitpro/devkitPPC/bin/../lib/gcc/powerpc-eabi/14.2.0/libgcc.a(gthr-dkp.o)
                0x02009e54                __gthread_mutex_destroy
 .text.__gthread_mutex_lock
                0x02009e70       0x1c /opt/devkitpro/devkitPPC/bin/../lib/gcc/powerpc-eabi/14.2.0/libgcc.a(gthr-dkp.o)
                0x02009e70                __gthread_mutex_lock
 .text.__gthread_mutex_unlock
                0x02009e8c       0x1c /opt/devkitpro/devkitPPC/bin/../lib/gcc/powerpc-eabi/14.2.0/libgcc.a(gthr-dkp.o)
                0x02009e8c                __gthread_mutex_unlock
 .text.init_dwarf_reg_size_table
                0x02009ea8      0x1d0 /opt/devkitpro/devkitPPC/bin/../lib/gcc/powerpc-eabi/14.2.0/libgcc.a(unwind-dw2.o)
 .text.uw_install_context_1
                0x0200a078      0x1cc /opt/devkitpro/devkitPPC/bin/../lib/gcc/powerpc-eabi/14.2.0/libgcc.a(unwind-dw2.o)
 .text.read_encoded_value
                0x0200a244      0x18c /opt/devkitpro/devkitPPC/bin/../lib/gcc/powerpc-eabi/14.2.0/libgcc.a(unwind-dw2.o)
 .text.execute_stack_op
                0x0200a3d0      0x86c /opt/devkitpro/devkitPPC/bin/../lib/gcc/powerpc-eabi/14.2.0/libgcc.a(unwind-dw2.o)
 .text.uw_update_context_1
                0x0200ac3c      0x390 /opt/devkitpro/devkitPPC/bin/../lib/gcc/powerpc-eabi/14.2.0/libgcc.a(unwind-dw2.o)
 .text.execute_cfa_program_specialized
                0x0200afcc      0x950 /opt/devkitpro/devkitPPC/bin/../lib/gcc/powerpc-eabi/14.2.0/libgcc.a(unwind-dw2.o)
 .text.execute_cfa_program_generic
                0x0200b91c      0x988 /opt/devkitpro/devkitPPC/bin/../lib/gcc/powerpc-eabi/14.2.0/libgcc.a(unwind-dw2.o)
 .text.uw_frame_state_for
                0x0200c2a4      0x51c /opt/devkitpro/devkitPPC/bin/../lib/gcc/powerpc-eabi/14.2.0/libgcc.a(unwind-dw2.o)
 .text.uw_init_context_1
                0x0200c7c0      0x2d0 /opt/devkitpro/devkitPPC/bin/../lib/gcc/powerpc-eabi/14.2.0/libgcc.a(unwind-dw2.o)
 .text._Unwind_RaiseException_Phase2
                0x0200ca90      0x1cc /opt/devkitpro/devkitPPC/bin/../lib/gcc/powerpc-eabi/14.2.0/libgcc.a(unwind-dw2.o)
 .text._Unwind_ForcedUnwind_Phase2
                0x0200cc5c      0x1f0 /opt/devkitpro/devkitPPC/bin/../lib/gcc/powerpc-eabi/14.2.0/libgcc.a(unwind-dw2.o)
 .text._Unwind_SetGR
                0x0200ce4c       0x68 /opt/devkitpro/devkitPPC/bin/../lib/gcc/powerpc-eabi/14.2.0/libgcc.a(unwind-dw2.o)
                0x0200ce4c                _Unwind_SetGR
 .text._Unwind_GetIPInfo
                0x0200ceb4       0x14 /opt/devkitpro/devkitPPC/bin/../lib/gcc/powerpc-eabi/14.2.0/libgcc.a(unwind-dw2.o)
                0x0200ceb4                _Unwind_GetIPInfo
 .text._Unwind_SetIP
                0x0200cec8        0x8 /opt/devkitpro/devkitPPC/bin/../lib/gcc/powerpc-eabi/14.2.0/libgcc.a(unwind-dw2.o)
                0x0200cec8                _Unwind_SetIP
 .text._Unwind_GetLanguageSpecificData
                0x0200ced0        0x8 /opt/devkitpro/devkitPPC/bin/../lib/gcc/powerpc-eabi/14.2.0/libgcc.a(unwind-dw2.o)
                0x0200ced0                _Unwind_GetLanguageSpecificData
 .text._Unwind_GetRegionStart
                0x0200ced8        0x8 /opt/devkitpro/devkitPPC/bin/../lib/gcc/powerpc-eabi/14.2.0/libgcc.a(unwind-dw2.o)
                0x0200ced8                _Unwind_GetRegionStart
 .text._Unwind_GetDataRelBase
                0x0200cee0        0x8 /opt/devkitpro/devkitPPC/bin/../lib/gcc/powerpc-eabi/14.2.0/libgcc.a(unwind-dw2.o)
                0x0200cee0                _Unwind_GetDataRelBase
 .text._Unwind_GetTextRelBase
                0x0200cee8        0x8 /opt/devkitpro/devkitPPC/bin/../lib/gcc/powerpc-eabi/14.2.0/libgcc.a(unwind-dw2.o)
                0x0200cee8                _Unwind_GetTextRelBase
 .text._Unwind_DebugHook
                0x0200cef0        0x4 /opt/devkitpro/devkitPPC/bin/../lib/gcc/powerpc-eabi/14.2.0/libgcc.a(unwind-dw2.o)
 .text._Unwind_RaiseException
                0x0200cef4      0x38c /opt/devkitpro/devkitPPC/bin/../lib/gcc/powerpc-eabi/14.2.0/libgcc.a(unwind-dw2.o)
                0x0200cef4                _Unwind_RaiseException
 .text._Unwind_Resume
                0x0200d280      0x1dc /opt/devkitpro/devkitPPC/bin/../lib/gcc/powerpc-eabi/14.2.0/libgcc.a(unwind-dw2.o)
                0x0200d280                _Unwind_Resume
 .text._Unwind_Resume_or_Rethrow
                0x0200d45c      0x280 /opt/devkitpro/devkitPPC/bin/../lib/gcc/powerpc-eabi/14.2.0/libgcc.a(unwind-dw2.o)
                0x0200d45c                _Unwind_Resume_or_Rethrow
 .text._Unwind_DeleteException
                0x0200d6dc       0x1c /opt/devkitpro/devkitPPC/bin/../lib/gcc/powerpc-eabi/14.2.0/libgcc.a(unwind-dw2.o)
                0x0200d6dc                _Unwind_DeleteException
 .text.fde_unencoded_compare
                0x0200d6f8       0x20 /opt/devkitpro/devkitPPC/bin/../lib/gcc/powerpc-eabi/14.2.0/libgcc.a(unwind-dw2-fde.o)
 .text.fde_unencoded_extract
                0x0200d718       0x74 /opt/devkitpro/devkitPPC/bin/../lib/gcc/powerpc-eabi/14.2.0/libgcc.a(unwind-dw2-fde.o)
 .text.frame_downheap
                0x0200d78c      0x110 /opt/devkitpro/devkitPPC/bin/../lib/gcc/powerpc-eabi/14.2.0/libgcc.a(unwind-dw2-fde.o)
 .text.init_object_mutex
                0x0200d89c        0xc /opt/devkitpro/devkitPPC/bin/../lib/gcc/powerpc-eabi/14.2.0/libgcc.a(unwind-dw2-fde.o)
 .text.read_encoded_value_with_base
                0x0200d8a8      0x13c /opt/devkitpro/devkitPPC/bin/../lib/gcc/powerpc-eabi/14.2.0/libgcc.a(unwind-dw2-fde.o)
 .text.fde_radixsort
                0x0200d9e4      0x2a0 /opt/devkitpro/devkitPPC/bin/../lib/gcc/powerpc-eabi/14.2.0/libgcc.a(unwind-dw2-fde.o)
 .text.__deregister_frame_info_bases.part.0
                0x0200dc84      0x12c /opt/devkitpro/devkitPPC/bin/../lib/gcc/powerpc-eabi/14.2.0/libgcc.a(unwind-dw2-fde.o)
 .text.get_cie_encoding
                0x0200ddb0      0x14c /opt/devkitpro/devkitPPC/bin/../lib/gcc/powerpc-eabi/14.2.0/libgcc.a(unwind-dw2-fde.o)
 .text.fde_mixed_encoding_extract
                0x0200defc       0xfc /opt/devkitpro/devkitPPC/bin/../lib/gcc/powerpc-eabi/14.2.0/libgcc.a(unwind-dw2-fde.o)
 .text.classify_object_over_fdes.constprop.0
                0x0200dff8      0x21c /opt/devkitpro/devkitPPC/bin/../lib/gcc/powerpc-eabi/14.2.0/libgcc.a(unwind-dw2-fde.o)
 .text.fde_single_encoding_extract
                0x0200e214      0x108 /opt/devkitpro/devkitPPC/bin/../lib/gcc/powerpc-eabi/14.2.0/libgcc.a(unwind-dw2-fde.o)
 .text.fde_single_encoding_compare
                0x0200e31c       0xd0 /opt/devkitpro/devkitPPC/bin/../lib/gcc/powerpc-eabi/14.2.0/libgcc.a(unwind-dw2-fde.o)
 .text.fde_mixed_encoding_compare
                0x0200e3ec      0x150 /opt/devkitpro/devkitPPC/bin/../lib/gcc/powerpc-eabi/14.2.0/libgcc.a(unwind-dw2-fde.o)
 .text.add_fdes.isra.0
                0x0200e53c      0x2b4 /opt/devkitpro/devkitPPC/bin/../lib/gcc/powerpc-eabi/14.2.0/libgcc.a(unwind-dw2-fde.o)
 .text.linear_search_fdes
                0x0200e7f0      0x308 /opt/devkitpro/devkitPPC/bin/../lib/gcc/powerpc-eabi/14.2.0/libgcc.a(unwind-dw2-fde.o)
 .text.search_object
                0x0200eaf8      0x6ac /opt/devkitpro/devkitPPC/bin/../lib/gcc/powerpc-eabi/14.2.0/libgcc.a(unwind-dw2-fde.o)
 .text.__register_frame_info
                0x0200f1a4       0x9c /opt/devkitpro/devkitPPC/bin/../lib/gcc/powerpc-eabi/14.2.0/libgcc.a(unwind-dw2-fde.o)
                0x0200f1a4                __register_frame_info
 .text.__deregister_frame_info
                0x0200f240       0x20 /opt/devkitpro/devkitPPC/bin/../lib/gcc/powerpc-eabi/14.2.0/libgcc.a(unwind-dw2-fde.o)
                0x0200f240                __deregister_frame_info
 .text._Unwind_Find_FDE
                0x0200f260      0x260 /opt/devkitpro/devkitPPC/bin/../lib/gcc/powerpc-eabi/14.2.0/libgcc.a(unwind-dw2-fde.o)
                0x0200f260                _Unwind_Find_FDE
 .text.chdir    0x0200f4c0      0x1b4 /opt/devkitpro/devkitPPC/bin/../lib/gcc/powerpc-eabi/14.2.0/../../../../powerpc-eabi/lib/libsysbase.a(libsysbase_libsysbase_a-chdir.o)
                0x0200f4c0                chdir
 .text._concatenate_path
                0x0200f674      0x278 /opt/devkitpro/devkitPPC/bin/../lib/gcc/powerpc-eabi/14.2.0/../../../../powerpc-eabi/lib/libsysbase.a(libsysbase_libsysbase_a-concatenate.o)
                0x0200f674                _concatenate_path
 .text.__release_handle
                0x0200f8ec       0xe0 /opt/devkitpro/devkitPPC/bin/../lib/gcc/powerpc-eabi/14.2.0/../../../../powerpc-eabi/lib/libsysbase.a(libsysbase_libsysbase_a-handle_manager.o)
                0x0200f8ec                __release_handle
 .text.__alloc_handle
                0x0200f9cc      0x120 /opt/devkitpro/devkitPPC/bin/../lib/gcc/powerpc-eabi/14.2.0/../../../../powerpc-eabi/lib/libsysbase.a(libsysbase_libsysbase_a-handle_manager.o)
                0x0200f9cc                __alloc_handle
 .text.__get_handle
                0x0200faec       0x90 /opt/devkitpro/devkitPPC/bin/../lib/gcc/powerpc-eabi/14.2.0/../../../../powerpc-eabi/lib/libsysbase.a(libsysbase_libsysbase_a-handle_manager.o)
                0x0200faec                __get_handle
 .text._close_r
                0x0200fb7c      0x178 /opt/devkitpro/devkitPPC/bin/../lib/gcc/powerpc-eabi/14.2.0/../../../../powerpc-eabi/lib/libsysbase.a(libsysbase_libsysbase_a-handle_manager.o)
                0x0200fb7c                _close_r
 .text.null_write
                0x0200fcf4        0x8 /opt/devkitpro/devkitPPC/bin/../lib/gcc/powerpc-eabi/14.2.0/../../../../powerpc-eabi/lib/libsysbase.a(libsysbase_libsysbase_a-iosupport.o)
 .text.setDefaultDevice
                0x0200fcfc       0x18 /opt/devkitpro/devkitPPC/bin/../lib/gcc/powerpc-eabi/14.2.0/../../../../powerpc-eabi/lib/libsysbase.a(libsysbase_libsysbase_a-iosupport.o)
                0x0200fcfc                setDefaultDevice
 .text.FindDevice
                0x0200fd14      0x14c /opt/devkitpro/devkitPPC/bin/../lib/gcc/powerpc-eabi/14.2.0/../../../../powerpc-eabi/lib/libsysbase.a(libsysbase_libsysbase_a-iosupport.o)
                0x0200fd14                FindDevice
 .text.RemoveDevice
                0x0200fe60       0x44 /opt/devkitpro/devkitPPC/bin/../lib/gcc/powerpc-eabi/14.2.0/../../../../powerpc-eabi/lib/libsysbase.a(libsysbase_libsysbase_a-iosupport.o)
                0x0200fe60                RemoveDevice
 .text.AddDevice
                0x0200fea4      0x118 /opt/devkitpro/devkitPPC/bin/../lib/gcc/powerpc-eabi/14.2.0/../../../../powerpc-eabi/lib/libsysbase.a(libsysbase_libsysbase_a-iosupport.o)
                0x0200fea4                AddDevice
 .text.__libc_lock_init
                0x0200ffbc       0x14 /opt/devkitpro/devkitPPC/bin/../lib/gcc/powerpc-eabi/14.2.0/../../../../powerpc-eabi/lib/libsysbase.a(libsysbase_libsysbase_a-syscall_support.o)
                0x0200ffbc                __libc_lock_init
 .text.__libc_lock_acquire
                0x0200ffd0       0x14 /opt/devkitpro/devkitPPC/bin/../lib/gcc/powerpc-eabi/14.2.0/../../../../powerpc-eabi/lib/libsysbase.a(libsysbase_libsysbase_a-syscall_support.o)
                0x0200ffd0                __libc_lock_acquire
 .text.__libc_lock_release
                0x0200ffe4       0x14 /opt/devkitpro/devkitPPC/bin/../lib/gcc/powerpc-eabi/14.2.0/../../../../powerpc-eabi/lib/libsysbase.a(libsysbase_libsysbase_a-syscall_support.o)
                0x0200ffe4                __libc_lock_release
 .text.__libc_lock_init_recursive
                0x0200fff8       0x14 /opt/devkitpro/devkitPPC/bin/../lib/gcc/powerpc-eabi/14.2.0/../../../../powerpc-eabi/lib/libsysbase.a(libsysbase_libsysbase_a-syscall_support.o)
                0x0200fff8                __libc_lock_init_recursive
 .text.strncpy  0x0201000c      0x104 /opt/devkitpro/devkitPPC/bin/../lib/gcc/powerpc-eabi/14.2.0/../../../../powerpc-eabi/lib/libc.a(libc_a-strncpy.o)
                0x0201000c                strncpy
 .text.strcmp   0x02010110       0x9c /opt/devkitpro/devkitPPC/bin/../lib/gcc/powerpc-eabi/14.2.0/../../../../powerpc-eabi/lib/libc.a(libc_a-strcmp.o)
                0x02010110                strcmp
 .text.getenv   0x020101ac       0x38 /opt/devkitpro/devkitPPC/bin/../lib/gcc/powerpc-eabi/14.2.0/../../../../powerpc-eabi/lib/libc.a(libc_a-getenv.o)
                0x020101ac                getenv
 .text.memset   0x020101e4      0x190 /opt/devkitpro/devkitPPC/bin/../lib/gcc/powerpc-eabi/14.2.0/../../../../powerpc-eabi/lib/libc.a(libc_a-memset.o)
                0x020101e4                memset
 .text._vsnprintf_r
                0x02010374       0xec /opt/devkitpro/devkitPPC/bin/../lib/gcc/powerpc-eabi/14.2.0/../../../../powerpc-eabi/lib/libc.a(libc_a-vsnprintf.o)
                0x02010374                _vsnprintf_r
 .text.vsnprintf
                0x02010460       0x60 /opt/devkitpro/devkitPPC/bin/../lib/gcc/powerpc-eabi/14.2.0/../../../../powerpc-eabi/lib/libc.a(libc_a-vsnprintf.o)
                0x02010460                vsnprintf
 .text.strdup   0x020104c0       0x30 /opt/devkitpro/devkitPPC/bin/../lib/gcc/powerpc-eabi/14.2.0/../../../../powerpc-eabi/lib/libc.a(libc_a-strdup.o)
                0x020104c0                strdup
 .text.strchr   0x020104f0      0x154 /opt/devkitpro/devkitPPC/bin/../lib/gcc/powerpc-eabi/14.2.0/../../../../powerpc-eabi/lib/libc.a(libc_a-strchr.o)
                0x020104f0                strchr
 .text._svfprintf_r
                0x02010644     0x23c0 /opt/devkitpro/devkitPPC/bin/../lib/gcc/powerpc-eabi/14.2.0/../../../../powerpc-eabi/lib/libc.a(libc_a-svfprintf.o)
                0x02010644                _svfprintf_r
 .text.memcpy   0x02012a04      0x14c /opt/devkitpro/devkitPPC/bin/../lib/gcc/powerpc-eabi/14.2.0/../../../../powerpc-eabi/lib/libc.a(libc_a-memcpy.o)
                0x02012a04                memcpy
 .text._strtoul_l.isra.0
                0x02012b50      0x210 /opt/devkitpro/devkitPPC/bin/../lib/gcc/powerpc-eabi/14.2.0/../../../../powerpc-eabi/lib/libc.a(libc_a-strtoul.o)
 .text.strtoul  0x02012d60       0x64 /opt/devkitpro/devkitPPC/bin/../lib/gcc/powerpc-eabi/14.2.0/../../../../powerpc-eabi/lib/libc.a(libc_a-strtoul.o)
                0x02012d60                strtoul
 .text.close    0x02012dc4       0x30 /opt/devkitpro/devkitPPC/bin/../lib/gcc/powerpc-eabi/14.2.0/../../../../powerpc-eabi/lib/libc.a(libc_a-sysclose.o)
                0x02012dc4                close
 .text.strncmp  0x02012df4       0xc8 /opt/devkitpro/devkitPPC/bin/../lib/gcc/powerpc-eabi/14.2.0/../../../../powerpc-eabi/lib/libc.a(libc_a-strncmp.o)
                0x02012df4                strncmp
 .text._wcrtomb_r
                0x02012ebc      0x110 /opt/devkitpro/devkitPPC/bin/../lib/gcc/powerpc-eabi/14.2.0/../../../../powerpc-eabi/lib/libc.a(libc_a-wcrtomb.o)
                0x02012ebc                _wcrtomb_r
 .text.memmove  0x02012fcc      0x1bc /opt/devkitpro/devkitPPC/bin/../lib/gcc/powerpc-eabi/14.2.0/../../../../powerpc-eabi/lib/libc.a(libc_a-memmove.o)
                0x02012fcc                memmove
 .text.calloc   0x02013188       0x40 /opt/devkitpro/devkitPPC/bin/../lib/gcc/powerpc-eabi/14.2.0/../../../../powerpc-eabi/lib/libc.a(libc_a-calloc.o)
                0x02013188                calloc
 .text.__errno  0x020131c8       0x20 /opt/devkitpro/devkitPPC/bin/../lib/gcc/powerpc-eabi/14.2.0/../../../../powerpc-eabi/lib/libc.a(libc_a-errno.o)
                0x020131c8                __errno
 .text.strlen   0x020131e8       0x80 /opt/devkitpro/devkitPPC/bin/../lib/gcc/powerpc-eabi/14.2.0/../../../../powerpc-eabi/lib/libc.a(libc_a-strlen.o)
                0x020131e8                strlen
 .text._strdup_r
                0x02013268       0x6c /opt/devkitpro/devkitPPC/bin/../lib/gcc/powerpc-eabi/14.2.0/../../../../powerpc-eabi/lib/libc.a(libc_a-strdup_r.o)
                0x02013268                _strdup_r
 .text.quorem   0x020132d4      0x30c /opt/devkitpro/devkitPPC/bin/../lib/gcc/powerpc-eabi/14.2.0/../../../../powerpc-eabi/lib/libc.a(libc_a-dtoa.o)
 .text._dtoa_r  0x020135e0     0x163c /opt/devkitpro/devkitPPC/bin/../lib/gcc/powerpc-eabi/14.2.0/../../../../powerpc-eabi/lib/libc.a(libc_a-dtoa.o)
                0x020135e0                _dtoa_r
 .text.memcmp   0x02014c1c      0x13c /opt/devkitpro/devkitPPC/bin/../lib/gcc/powerpc-eabi/14.2.0/../../../../powerpc-eabi/lib/libc.a(libc_a-memcmp.o)
                0x02014c1c                memcmp
 .text.strrchr  0x02014d58       0x78 /opt/devkitpro/devkitPPC/bin/../lib/gcc/powerpc-eabi/14.2.0/../../../../powerpc-eabi/lib/libc.a(libc_a-strrchr.o)
                0x02014d58                strrchr
 .text.snprintf
                0x02014dd0      0x184 /opt/devkitpro/devkitPPC/bin/../lib/gcc/powerpc-eabi/14.2.0/../../../../powerpc-eabi/lib/libc.a(libc_a-snprintf.o)
                0x02014dd0                snprintf
 .text.strcpy   0x02014f54       0x8c /opt/devkitpro/devkitPPC/bin/../lib/gcc/powerpc-eabi/14.2.0/../../../../powerpc-eabi/lib/libc.a(libc_a-strcpy.o)
                0x02014f54                strcpy
 .text.malloc   0x02014fe0       0x58 /opt/devkitpro/devkitPPC/bin/../lib/gcc/powerpc-eabi/14.2.0/../../../../powerpc-eabi/lib/libc.a(libc_a-malloc.o)
                0x02014fe0                malloc
 .text.free     0x02015038       0x30 /opt/devkitpro/devkitPPC/bin/../lib/gcc/powerpc-eabi/14.2.0/../../../../powerpc-eabi/lib/libc.a(libc_a-malloc.o)
                0x02015038                free
 .text._reclaim_reent
                0x02015068      0x10c /opt/devkitpro/devkitPPC/bin/../lib/gcc/powerpc-eabi/14.2.0/../../../../powerpc-eabi/lib/libc.a(libc_a-reent.o)
                0x02015068                _reclaim_reent
 .text._findenv_r
                0x02015174      0x144 /opt/devkitpro/devkitPPC/bin/../lib/gcc/powerpc-eabi/14.2.0/../../../../powerpc-eabi/lib/libc.a(libc_a-getenv_r.o)
                0x02015174                _findenv_r
 .text.memchr   0x020152b8      0x178 /opt/devkitpro/devkitPPC/bin/../lib/gcc/powerpc-eabi/14.2.0/../../../../powerpc-eabi/lib/libc.a(libc_a-memchr.o)
                0x020152b8                memchr
 .text.__ssprint_r
                0x02015430      0x10c /opt/devkitpro/devkitPPC/bin/../lib/gcc/powerpc-eabi/14.2.0/../../../../powerpc-eabi/lib/libc.a(libc_a-ssprint_r.o)
                0x02015430                __ssprint_r
 .text.strnlen  0x0201553c       0xc0 /opt/devkitpro/devkitPPC/bin/../lib/gcc/powerpc-eabi/14.2.0/../../../../powerpc-eabi/lib/libc.a(libc_a-strnlen.o)
                0x0201553c                strnlen
 .text.memalign
                0x020155fc       0x40 /opt/devkitpro/devkitPPC/bin/../lib/gcc/powerpc-eabi/14.2.0/../../../../powerpc-eabi/lib/libc.a(libc_a-malign.o)
                0x020155fc                memalign
 .text.frexp    0x0201563c       0x90 /opt/devkitpro/devkitPPC/bin/../lib/gcc/powerpc-eabi/14.2.0/../../../../powerpc-eabi/lib/libc.a(libm_a-s_frexp.o)
                0x0201563c                frexp
 .text.__env_lock
                0x020156cc       0x40 /opt/devkitpro/devkitPPC/bin/../lib/gcc/powerpc-eabi/14.2.0/../../../../powerpc-eabi/lib/libc.a(libc_a-envlock.o)
                0x020156cc                __env_lock
 .text.__env_unlock
                0x0201570c        0xc /opt/devkitpro/devkitPPC/bin/../lib/gcc/powerpc-eabi/14.2.0/../../../../powerpc-eabi/lib/libc.a(libc_a-envlock.o)
                0x0201570c                __env_unlock
 .text._Balloc  0x02015718       0xe0 /opt/devkitpro/devkitPPC/bin/../lib/gcc/powerpc-eabi/14.2.0/../../../../powerpc-eabi/lib/libc.a(libc_a-mprec.o)
                0x02015718                _Balloc
 .text._Bfree   0x020157f8       0x24 /opt/devkitpro/devkitPPC/bin/../lib/gcc/powerpc-eabi/14.2.0/../../../../powerpc-eabi/lib/libc.a(libc_a-mprec.o)
                0x020157f8                _Bfree
 .text.__multadd
                0x0201581c      0x154 /opt/devkitpro/devkitPPC/bin/../lib/gcc/powerpc-eabi/14.2.0/../../../../powerpc-eabi/lib/libc.a(libc_a-mprec.o)
                0x0201581c                __multadd
 .text.__hi0bits
                0x02015970       0x98 /opt/devkitpro/devkitPPC/bin/../lib/gcc/powerpc-eabi/14.2.0/../../../../powerpc-eabi/lib/libc.a(libc_a-mprec.o)
                0x02015970                __hi0bits
 .text.__lo0bits
                0x02015a08      0x10c /opt/devkitpro/devkitPPC/bin/../lib/gcc/powerpc-eabi/14.2.0/../../../../powerpc-eabi/lib/libc.a(libc_a-mprec.o)
                0x02015a08                __lo0bits
 .text.__i2b    0x02015b14      0x108 /opt/devkitpro/devkitPPC/bin/../lib/gcc/powerpc-eabi/14.2.0/../../../../powerpc-eabi/lib/libc.a(libc_a-mprec.o)
                0x02015b14                __i2b
 .text.__multiply
                0x02015c1c      0x354 /opt/devkitpro/devkitPPC/bin/../lib/gcc/powerpc-eabi/14.2.0/../../../../powerpc-eabi/lib/libc.a(libc_a-mprec.o)
                0x02015c1c                __multiply
 .text.__pow5mult
                0x02015f70      0x1a4 /opt/devkitpro/devkitPPC/bin/../lib/gcc/powerpc-eabi/14.2.0/../../../../powerpc-eabi/lib/libc.a(libc_a-mprec.o)
                0x02015f70                __pow5mult
 .text.__lshift
                0x02016114      0x26c /opt/devkitpro/devkitPPC/bin/../lib/gcc/powerpc-eabi/14.2.0/../../../../powerpc-eabi/lib/libc.a(libc_a-mprec.o)
                0x02016114                __lshift
 .text.__mcmp   0x02016380       0xdc /opt/devkitpro/devkitPPC/bin/../lib/gcc/powerpc-eabi/14.2.0/../../../../powerpc-eabi/lib/libc.a(libc_a-mprec.o)
                0x02016380                __mcmp
 .text.__mdiff  0x0201645c      0x328 /opt/devkitpro/devkitPPC/bin/../lib/gcc/powerpc-eabi/14.2.0/../../../../powerpc-eabi/lib/libc.a(libc_a-mprec.o)
                0x0201645c                __mdiff
 .text.__d2b    0x02016784      0x198 /opt/devkitpro/devkitPPC/bin/../lib/gcc/powerpc-eabi/14.2.0/../../../../powerpc-eabi/lib/libc.a(libc_a-mprec.o)
                0x02016784                __d2b
 .text._localeconv_r
                0x0201691c       0x4c /opt/devkitpro/devkitPPC/bin/../lib/gcc/powerpc-eabi/14.2.0/../../../../powerpc-eabi/lib/libc.a(libc_a-localeconv.o)
                0x0201691c                _localeconv_r
 .text.__locale_mb_cur_max
                0x02016968       0x4c /opt/devkitpro/devkitPPC/bin/../lib/gcc/powerpc-eabi/14.2.0/../../../../powerpc-eabi/lib/libc.a(libc_a-locale.o)
                0x02016968                __locale_mb_cur_max
 .text._wcsrtombs_r
                0x020169b4       0x10 /opt/devkitpro/devkitPPC/bin/../lib/gcc/powerpc-eabi/14.2.0/../../../../powerpc-eabi/lib/libc.a(libc_a-wcsrtombs.o)
                0x020169b4                _wcsrtombs_r
 .text.__utf8_mbtowc
                0x020169c4      0x328 /opt/devkitpro/devkitPPC/bin/../lib/gcc/powerpc-eabi/14.2.0/../../../../powerpc-eabi/lib/libc.a(libc_a-mbtowc_r.o)
                0x020169c4                __utf8_mbtowc
 .text.__ssputs_r
                0x02016cec      0x188 /opt/devkitpro/devkitPPC/bin/../lib/gcc/powerpc-eabi/14.2.0/../../../../powerpc-eabi/lib/libc.a(libc_a-ssputs_r.o)
                0x02016cec                __ssputs_r
 .text._wcsnrtombs_l
                0x02016e74      0x1e8 /opt/devkitpro/devkitPPC/bin/../lib/gcc/powerpc-eabi/14.2.0/../../../../powerpc-eabi/lib/libc.a(libc_a-wcsnrtombs.o)
                0x02016e74                _wcsnrtombs_l
 .text._wcsnrtombs_r
                0x0201705c       0xd8 /opt/devkitpro/devkitPPC/bin/../lib/gcc/powerpc-eabi/14.2.0/../../../../powerpc-eabi/lib/libc.a(libc_a-wcsnrtombs.o)
                0x0201705c                _wcsnrtombs_r
 .text.__utf8_wctomb
                0x02017134      0x108 /opt/devkitpro/devkitPPC/bin/../lib/gcc/powerpc-eabi/14.2.0/../../../../powerpc-eabi/lib/libc.a(libc_a-wctomb_r.o)
                0x02017134                __utf8_wctomb
 .text.__umoddi3
                0x0201723c      0x390 /opt/devkitpro/devkitPPC/bin/../lib/gcc/powerpc-eabi/14.2.0/libgcc.a(_umoddi3.o)
                0x0201723c                __umoddi3
 .text          0x020175cc       0x58 /opt/devkitpro/devkitPPC/bin/../lib/gcc/powerpc-eabi/14.2.0/libgcc.a(crtresxfpr.o)
                0x020175cc                _restfpr_14_x
                0x020175d0                _restfpr_15_x
                0x020175d4                _restfpr_16_x
                0x020175d8                _restfpr_17_x
                0x020175dc                _restfpr_18_x
                0x020175e0                _restfpr_19_x
                0x020175e4                _restfpr_20_x
                0x020175e8                _restfpr_21_x
                0x020175ec                _restfpr_22_x
                0x020175f0                _restfpr_23_x
                0x020175f4                _restfpr_24_x
                0x020175f8                _restfpr_25_x
                0x020175fc                _restfpr_26_x
                0x02017600                _restfpr_27_x
                0x02017604                _restfpr_28_x
                0x02017608                _restfpr_29_x
                0x0201760c                _restfpr_30_x
                0x02017610                _restfpr_31_x
 .text.__do_global_ctors_aux
                0x02017624       0x50 /opt/devkitpro/devkitPPC/bin/../lib/gcc/powerpc-eabi/14.2.0/crtend.o
 *(.gnu.warning)
 *(.glink)
 .glink         0x02017674        0x0 /opt/devkitpro/devkitPPC/bin/../lib/gcc/powerpc-eabi/14.2.0/crtbegin.o
 *(SORT_NONE(.fini))
 .fini          0x02017674        0xc /opt/devkitpro/devkitPPC/bin/../lib/gcc/powerpc-eabi/14.2.0/ecrti.o
                0x02017674                __fini
 .fini          0x02017680        0x4 /opt/devkitpro/devkitPPC/bin/../lib/gcc/powerpc-eabi/14.2.0/crtbegin.o
 .fini          0x02017684       0x10 /opt/devkitpro/devkitPPC/bin/../lib/gcc/powerpc-eabi/14.2.0/ecrtn.o
                0x10000000                        . = ORIGIN (datamem)

.rodata         0x10000000     0x1714
 *(.sdata2 .sdata2.* .gnu.linkonce.s2.*)
 .sdata2        0x10000000        0x0 /opt/devkitpro/devkitPPC/bin/../lib/gcc/powerpc-eabi/14.2.0/crtbegin.o
                0x10008000                _SDA2_BASE_
 *(.sbss2 .sbss2.* .gnu.linkonce.sb2.*)
 *(.rodata .rodata.* .gnu.linkonce.r.*)
 .rodata        0x10000000      0x11f main.o
 *fill*         0x1000011f        0x1 
 .rodata.WUPSConfigAPI_GetVersion.str1.4
                0x10000120      0x740 /opt/devkitpro/wups/lib/libwups.a(config_api.o)
                                 0x31 (size before relaxing)
 .rodata.WUPSConfigAPI_InitLibrary_Internal.str1.4
                0x10000860       0xeb /opt/devkitpro/wups/lib/libwups.a(config_api.o)
 .rodata.__wups_start.str1.4
                0x10000860       0x38 /opt/devkitpro/wups/lib/libwups.a(main.o)
 .rodata.abort.str1.4
                0x10000860       0x47 /opt/devkitpro/wups/lib/libwups.a(main.o)
 .rodata.__assert_func.str1.4
                0x10000860       0x68 /opt/devkitpro/wups/lib/libwups.a(main.o)
 .rodata._ZL21__wups_thread_cleanupPjPv.str1.4
                0x10000860       0x80 /opt/devkitpro/wups/lib/libwups.a(wups_reent.o)
 .rodata._Z15__wups_getreentv.str1.4
                0x10000860       0x6a /opt/devkitpro/wups/lib/libwups.a(wups_reent.o)
 .rodata.wups_set_thread_specific.str1.4
                0x10000860       0xad /opt/devkitpro/wups/lib/libwups.a(wups_thread_specific.o)
 .rodata.wups_get_thread_specific.str1.4
                0x10000860       0xae /opt/devkitpro/wups/lib/libwups.a(wups_thread_specific.o)
 .rodata.WHBLogPrint.str1.4
                0x10000860        0x4 /opt/devkitpro/wut/lib/libwut.a(log.o)
 .rodata.cafeLogHandler.str1.4
                0x10000860        0x4 /opt/devkitpro/wut/lib/libwut.a(log_cafe.o)
 .rodata.WHBLogModuleInit.str1.4
                0x10000860       0x84 /opt/devkitpro/wut/lib/libwut.a(log_module.o)
 .rodata.__init_wut_devoptab.str1.4
                0x10000860       0x37 /opt/devkitpro/wut/lib/libwut.a(devoptab_fsa.o)
 .rodata._ZL18__wut_fsa_devoptab
                0x10000860       0x80 /opt/devkitpro/wut/lib/libwut.a(devoptab_fsa.o)
 .rodata.__wut_fsa_dirnext.str1.4
                0x100008e0        0xb /opt/devkitpro/wut/lib/libwut.a(devoptab_fsa_dirnext.o)
 .rodata.__wut_fsa_diropen.str1.4
                0x100008e0        0x3 /opt/devkitpro/wut/lib/libwut.a(devoptab_fsa_diropen.o)
 .rodata.__wut_fsa_open.str1.4
                0x100008e0       0x1b /opt/devkitpro/wut/lib/libwut.a(devoptab_fsa_open.o)
 .rodata.__wut_fsa_fixpath.str1.4
                0x100008e0        0xf /opt/devkitpro/wut/lib/libwut.a(devoptab_fsa_utils.o)
 .rodata.CSWTCH.24
                0x100008e0       0x42 /opt/devkitpro/wut/lib/libwut.a(devoptab_fsa_utils.o)
 .rodata.socket.str1.4
                0x10000922        0x5 /opt/devkitpro/wut/lib/libwut.a(socket.o)
 .rodata.__wut_socket_fini_devoptab.str1.4
                0x10000922        0x5 /opt/devkitpro/wut/lib/libwut.a(wut_socket_common.o)
 .rodata.__wut_get_nsysnet_fd.str1.4
                0x10000922        0x4 /opt/devkitpro/wut/lib/libwut.a(wut_socket_common.o)
 *fill*         0x10000922        0x2 
 .rodata.__wut_nsysnet_error_code_map
                0x10000924       0x34 /opt/devkitpro/wut/lib/libwut.a(wut_socket_common.o)
 .rodata.__wut_fsa_chdir.str1.4
                0x10000958        0x3 /opt/devkitpro/wut/lib/libwut.a(devoptab_fsa_chdir.o)
 .rodata._ZL28read_encoded_value_with_basehjPKhPj
                0x10000958       0x34 /opt/devkitpro/devkitPPC/bin/../lib/gcc/powerpc-eabi/14.2.0/../../../../powerpc-eabi/lib/libstdc++.a(eh_personality.o)
 .rodata._ZNK9__gnu_cxx24__concurrence_lock_error4whatEv.str1.4
                0x1000098c       0x24 /opt/devkitpro/devkitPPC/bin/../lib/gcc/powerpc-eabi/14.2.0/../../../../powerpc-eabi/lib/libstdc++.a(guard.o)
 .rodata._ZNK9__gnu_cxx26__concurrence_unlock_error4whatEv.str1.4